c:\users\r.kokh\desktop\pjmedia\lib\pjmedia-videodev-i386-win32-vc14-release-static.bsc
c:\users\r.kokh\desktop\microsip-3.22.3-src\nanosip\pjproject\pjmedia\lib\pjmedia-videodev-i386-win32-vc14-release-static.bsc
c:\users\r.kokh\desktop\microsip-3.22.3-src\nanosip\pjproject\pjmedia\lib\pjmedia-videodev-i386-win32-vc14-release-static.pdb
c:\users\r.kokh\desktop\microsip-3.22.3-src\nanosip\pjproject\pjmedia\build\output\pjmedia_videodev-i386-win32-vc14-release-static\avi_dev.sbr
c:\users\r.kokh\desktop\microsip-3.22.3-src\nanosip\pjproject\pjmedia\build\output\pjmedia_videodev-i386-win32-vc14-release-static\colorbar_dev.sbr
c:\users\r.kokh\desktop\microsip-3.22.3-src\nanosip\pjproject\pjmedia\build\output\pjmedia_videodev-i386-win32-vc14-release-static\dshow_dev.sbr
c:\users\r.kokh\desktop\microsip-3.22.3-src\nanosip\pjproject\pjmedia\build\output\pjmedia_videodev-i386-win32-vc14-release-static\errno.sbr
c:\users\r.kokh\desktop\microsip-3.22.3-src\nanosip\pjproject\pjmedia\build\output\pjmedia_videodev-i386-win32-vc14-release-static\ffmpeg_dev.sbr
c:\users\r.kokh\desktop\microsip-3.22.3-src\nanosip\pjproject\pjmedia\build\output\pjmedia_videodev-i386-win32-vc14-release-static\sdl_dev.sbr
c:\users\r.kokh\desktop\microsip-3.22.3-src\nanosip\pjproject\pjmedia\build\output\pjmedia_videodev-i386-win32-vc14-release-static\videodev.sbr
c:\users\r.kokh\desktop\microsip-3.22.3-src\nanosip\pjproject\pjmedia\build\output\pjmedia_videodev-i386-win32-vc14-release-static\videodev.obj
c:\users\r.kokh\desktop\microsip-3.22.3-src\nanosip\pjproject\pjmedia\build\output\pjmedia_videodev-i386-win32-vc14-release-static\sdl_dev.obj
c:\users\r.kokh\desktop\microsip-3.22.3-src\nanosip\pjproject\pjmedia\build\output\pjmedia_videodev-i386-win32-vc14-release-static\ffmpeg_dev.obj
c:\users\r.kokh\desktop\microsip-3.22.3-src\nanosip\pjproject\pjmedia\build\output\pjmedia_videodev-i386-win32-vc14-release-static\errno.obj
c:\users\r.kokh\desktop\microsip-3.22.3-src\nanosip\pjproject\pjmedia\build\output\pjmedia_videodev-i386-win32-vc14-release-static\dshow_dev.obj
c:\users\r.kokh\desktop\microsip-3.22.3-src\nanosip\pjproject\pjmedia\build\output\pjmedia_videodev-i386-win32-vc14-release-static\colorbar_dev.obj
c:\users\r.kokh\desktop\microsip-3.22.3-src\nanosip\pjproject\pjmedia\build\output\pjmedia_videodev-i386-win32-vc14-release-static\avi_dev.obj
c:\users\r.kokh\desktop\microsip-3.22.3-src\nanosip\pjproject\pjmedia\build\output\pjmedia_videodev-i386-win32-vc14-release-static\dshowclasses.sbr
c:\users\r.kokh\desktop\microsip-3.22.3-src\nanosip\pjproject\pjmedia\build\output\pjmedia_videodev-i386-win32-vc14-release-static\dshowclasses.obj
c:\users\r.kokh\desktop\microsip-3.22.3-src\nanosip\pjproject\pjmedia\lib\pjmedia-videodev-i386-win32-vc14-release-static.lib
c:\users\r.kokh\desktop\microsip-3.22.3-src\nanosip\pjproject\pjmedia\build\output\pjmedia_videodev-i386-win32-vc14-release-static\pjmedia_videodev.tlog\bscmake.command.1.tlog
c:\users\r.kokh\desktop\microsip-3.22.3-src\nanosip\pjproject\pjmedia\build\output\pjmedia_videodev-i386-win32-vc14-release-static\pjmedia_videodev.tlog\bscmake.read.1.tlog
c:\users\r.kokh\desktop\microsip-3.22.3-src\nanosip\pjproject\pjmedia\build\output\pjmedia_videodev-i386-win32-vc14-release-static\pjmedia_videodev.tlog\bscmake.write.1.tlog
c:\users\r.kokh\desktop\microsip-3.22.3-src\nanosip\pjproject\pjmedia\build\output\pjmedia_videodev-i386-win32-vc14-release-static\pjmedia_videodev.tlog\cl.command.1.tlog
c:\users\r.kokh\desktop\microsip-3.22.3-src\nanosip\pjproject\pjmedia\build\output\pjmedia_videodev-i386-win32-vc14-release-static\pjmedia_videodev.tlog\cl.items.tlog
c:\users\r.kokh\desktop\microsip-3.22.3-src\nanosip\pjproject\pjmedia\build\output\pjmedia_videodev-i386-win32-vc14-release-static\pjmedia_videodev.tlog\cl.read.1.tlog
c:\users\r.kokh\desktop\microsip-3.22.3-src\nanosip\pjproject\pjmedia\build\output\pjmedia_videodev-i386-win32-vc14-release-static\pjmedia_videodev.tlog\cl.write.1.tlog
c:\users\r.kokh\desktop\microsip-3.22.3-src\nanosip\pjproject\pjmedia\build\output\pjmedia_videodev-i386-win32-vc14-release-static\pjmedia_videodev.tlog\lib-link.write.1.tlog
c:\users\r.kokh\desktop\microsip-3.22.3-src\nanosip\pjproject\pjmedia\build\output\pjmedia_videodev-i386-win32-vc14-release-static\pjmedia_videodev.tlog\lib.command.1.tlog
c:\users\r.kokh\desktop\microsip-3.22.3-src\nanosip\pjproject\pjmedia\build\output\pjmedia_videodev-i386-win32-vc14-release-static\pjmedia_videodev.tlog\lib.read.1.tlog
