c:\users\r.kokh\desktop\third_party\lib\libwebrtc-i386-win32-vc14-release-static.bsc
c:\users\r.kokh\desktop\microsip-3.22.3-src\nanosip\pjproject\third_party\lib\libwebrtc-i386-win32-vc14-release-static.bsc
c:\users\r.kokh\desktop\microsip-3.22.3-src\nanosip\pjproject\third_party\lib\libwebrtc-i386-win32-vc14-release-static.pdb
c:\users\r.kokh\desktop\microsip-3.22.3-src\nanosip\pjproject\third_party\build\webrtc\output\libwebrtc-i386-win32-vc14-release-static\fft4g.sbr
c:\users\r.kokh\desktop\microsip-3.22.3-src\nanosip\pjproject\third_party\build\webrtc\output\libwebrtc-i386-win32-vc14-release-static\ring_buffer.sbr
c:\users\r.kokh\desktop\microsip-3.22.3-src\nanosip\pjproject\third_party\build\webrtc\output\libwebrtc-i386-win32-vc14-release-static\auto_correlation.sbr
c:\users\r.kokh\desktop\microsip-3.22.3-src\nanosip\pjproject\third_party\build\webrtc\output\libwebrtc-i386-win32-vc14-release-static\auto_corr_to_refl_coef.sbr
c:\users\r.kokh\desktop\microsip-3.22.3-src\nanosip\pjproject\third_party\build\webrtc\output\libwebrtc-i386-win32-vc14-release-static\complex_bit_reverse.sbr
c:\users\r.kokh\desktop\microsip-3.22.3-src\nanosip\pjproject\third_party\build\webrtc\output\libwebrtc-i386-win32-vc14-release-static\complex_fft.sbr
c:\users\r.kokh\desktop\microsip-3.22.3-src\nanosip\pjproject\third_party\build\webrtc\output\libwebrtc-i386-win32-vc14-release-static\copy_set_operations.sbr
c:\users\r.kokh\desktop\microsip-3.22.3-src\nanosip\pjproject\third_party\build\webrtc\output\libwebrtc-i386-win32-vc14-release-static\cross_correlation.sbr
c:\users\r.kokh\desktop\microsip-3.22.3-src\nanosip\pjproject\third_party\build\webrtc\output\libwebrtc-i386-win32-vc14-release-static\division_operations.sbr
c:\users\r.kokh\desktop\microsip-3.22.3-src\nanosip\pjproject\third_party\build\webrtc\output\libwebrtc-i386-win32-vc14-release-static\dot_product_with_scale.sbr
c:\users\r.kokh\desktop\microsip-3.22.3-src\nanosip\pjproject\third_party\build\webrtc\output\libwebrtc-i386-win32-vc14-release-static\downsample_fast.sbr
c:\users\r.kokh\desktop\microsip-3.22.3-src\nanosip\pjproject\third_party\build\webrtc\output\libwebrtc-i386-win32-vc14-release-static\energy.sbr
c:\users\r.kokh\desktop\microsip-3.22.3-src\nanosip\pjproject\third_party\build\webrtc\output\libwebrtc-i386-win32-vc14-release-static\filter_ar.sbr
c:\users\r.kokh\desktop\microsip-3.22.3-src\nanosip\pjproject\third_party\build\webrtc\output\libwebrtc-i386-win32-vc14-release-static\filter_ar_fast_q12.sbr
c:\users\r.kokh\desktop\microsip-3.22.3-src\nanosip\pjproject\third_party\build\webrtc\output\libwebrtc-i386-win32-vc14-release-static\filter_ma_fast_q12.sbr
c:\users\r.kokh\desktop\microsip-3.22.3-src\nanosip\pjproject\third_party\build\webrtc\output\libwebrtc-i386-win32-vc14-release-static\get_hanning_window.sbr
c:\users\r.kokh\desktop\microsip-3.22.3-src\nanosip\pjproject\third_party\build\webrtc\output\libwebrtc-i386-win32-vc14-release-static\get_scaling_square.sbr
c:\users\r.kokh\desktop\microsip-3.22.3-src\nanosip\pjproject\third_party\build\webrtc\output\libwebrtc-i386-win32-vc14-release-static\ilbc_specific_functions.sbr
c:\users\r.kokh\desktop\microsip-3.22.3-src\nanosip\pjproject\third_party\build\webrtc\output\libwebrtc-i386-win32-vc14-release-static\levinson_durbin.sbr
c:\users\r.kokh\desktop\microsip-3.22.3-src\nanosip\pjproject\third_party\build\webrtc\output\libwebrtc-i386-win32-vc14-release-static\lpc_to_refl_coef.sbr
c:\users\r.kokh\desktop\microsip-3.22.3-src\nanosip\pjproject\third_party\build\webrtc\output\libwebrtc-i386-win32-vc14-release-static\lpc_to_refl_coef.obj
c:\users\r.kokh\desktop\microsip-3.22.3-src\nanosip\pjproject\third_party\build\webrtc\output\libwebrtc-i386-win32-vc14-release-static\levinson_durbin.obj
c:\users\r.kokh\desktop\microsip-3.22.3-src\nanosip\pjproject\third_party\build\webrtc\output\libwebrtc-i386-win32-vc14-release-static\ilbc_specific_functions.obj
c:\users\r.kokh\desktop\microsip-3.22.3-src\nanosip\pjproject\third_party\build\webrtc\output\libwebrtc-i386-win32-vc14-release-static\get_scaling_square.obj
c:\users\r.kokh\desktop\microsip-3.22.3-src\nanosip\pjproject\third_party\build\webrtc\output\libwebrtc-i386-win32-vc14-release-static\get_hanning_window.obj
c:\users\r.kokh\desktop\microsip-3.22.3-src\nanosip\pjproject\third_party\build\webrtc\output\libwebrtc-i386-win32-vc14-release-static\filter_ma_fast_q12.obj
c:\users\r.kokh\desktop\microsip-3.22.3-src\nanosip\pjproject\third_party\build\webrtc\output\libwebrtc-i386-win32-vc14-release-static\filter_ar_fast_q12.obj
c:\users\r.kokh\desktop\microsip-3.22.3-src\nanosip\pjproject\third_party\build\webrtc\output\libwebrtc-i386-win32-vc14-release-static\filter_ar.obj
c:\users\r.kokh\desktop\microsip-3.22.3-src\nanosip\pjproject\third_party\build\webrtc\output\libwebrtc-i386-win32-vc14-release-static\energy.obj
c:\users\r.kokh\desktop\microsip-3.22.3-src\nanosip\pjproject\third_party\build\webrtc\output\libwebrtc-i386-win32-vc14-release-static\downsample_fast.obj
c:\users\r.kokh\desktop\microsip-3.22.3-src\nanosip\pjproject\third_party\build\webrtc\output\libwebrtc-i386-win32-vc14-release-static\dot_product_with_scale.obj
c:\users\r.kokh\desktop\microsip-3.22.3-src\nanosip\pjproject\third_party\build\webrtc\output\libwebrtc-i386-win32-vc14-release-static\division_operations.obj
c:\users\r.kokh\desktop\microsip-3.22.3-src\nanosip\pjproject\third_party\build\webrtc\output\libwebrtc-i386-win32-vc14-release-static\cross_correlation.obj
c:\users\r.kokh\desktop\microsip-3.22.3-src\nanosip\pjproject\third_party\build\webrtc\output\libwebrtc-i386-win32-vc14-release-static\copy_set_operations.obj
c:\users\r.kokh\desktop\microsip-3.22.3-src\nanosip\pjproject\third_party\build\webrtc\output\libwebrtc-i386-win32-vc14-release-static\complex_fft.obj
c:\users\r.kokh\desktop\microsip-3.22.3-src\nanosip\pjproject\third_party\build\webrtc\output\libwebrtc-i386-win32-vc14-release-static\complex_bit_reverse.obj
c:\users\r.kokh\desktop\microsip-3.22.3-src\nanosip\pjproject\third_party\build\webrtc\output\libwebrtc-i386-win32-vc14-release-static\auto_corr_to_refl_coef.obj
c:\users\r.kokh\desktop\microsip-3.22.3-src\nanosip\pjproject\third_party\build\webrtc\output\libwebrtc-i386-win32-vc14-release-static\auto_correlation.obj
c:\users\r.kokh\desktop\microsip-3.22.3-src\nanosip\pjproject\third_party\build\webrtc\output\libwebrtc-i386-win32-vc14-release-static\ring_buffer.obj
c:\users\r.kokh\desktop\microsip-3.22.3-src\nanosip\pjproject\third_party\build\webrtc\output\libwebrtc-i386-win32-vc14-release-static\fft4g.obj
c:\users\r.kokh\desktop\microsip-3.22.3-src\nanosip\pjproject\third_party\build\webrtc\output\libwebrtc-i386-win32-vc14-release-static\min_max_operations.sbr
c:\users\r.kokh\desktop\microsip-3.22.3-src\nanosip\pjproject\third_party\build\webrtc\output\libwebrtc-i386-win32-vc14-release-static\randomization_functions.sbr
c:\users\r.kokh\desktop\microsip-3.22.3-src\nanosip\pjproject\third_party\build\webrtc\output\libwebrtc-i386-win32-vc14-release-static\real_fft.sbr
c:\users\r.kokh\desktop\microsip-3.22.3-src\nanosip\pjproject\third_party\build\webrtc\output\libwebrtc-i386-win32-vc14-release-static\refl_coef_to_lpc.sbr
c:\users\r.kokh\desktop\microsip-3.22.3-src\nanosip\pjproject\third_party\build\webrtc\output\libwebrtc-i386-win32-vc14-release-static\resample.sbr
c:\users\r.kokh\desktop\microsip-3.22.3-src\nanosip\pjproject\third_party\build\webrtc\output\libwebrtc-i386-win32-vc14-release-static\resample_48khz.sbr
c:\users\r.kokh\desktop\microsip-3.22.3-src\nanosip\pjproject\third_party\build\webrtc\output\libwebrtc-i386-win32-vc14-release-static\resample_by_2.sbr
c:\users\r.kokh\desktop\microsip-3.22.3-src\nanosip\pjproject\third_party\build\webrtc\output\libwebrtc-i386-win32-vc14-release-static\resample_by_2_internal.sbr
c:\users\r.kokh\desktop\microsip-3.22.3-src\nanosip\pjproject\third_party\build\webrtc\output\libwebrtc-i386-win32-vc14-release-static\resample_fractional.sbr
c:\users\r.kokh\desktop\microsip-3.22.3-src\nanosip\pjproject\third_party\build\webrtc\output\libwebrtc-i386-win32-vc14-release-static\splitting_filter.sbr
c:\users\r.kokh\desktop\microsip-3.22.3-src\nanosip\pjproject\third_party\build\webrtc\output\libwebrtc-i386-win32-vc14-release-static\spl_init.sbr
c:\users\r.kokh\desktop\microsip-3.22.3-src\nanosip\pjproject\third_party\build\webrtc\output\libwebrtc-i386-win32-vc14-release-static\spl_sqrt.sbr
c:\users\r.kokh\desktop\microsip-3.22.3-src\nanosip\pjproject\third_party\build\webrtc\output\libwebrtc-i386-win32-vc14-release-static\spl_sqrt_floor.sbr
c:\users\r.kokh\desktop\microsip-3.22.3-src\nanosip\pjproject\third_party\build\webrtc\output\libwebrtc-i386-win32-vc14-release-static\sqrt_of_one_minus_x_squared.sbr
c:\users\r.kokh\desktop\microsip-3.22.3-src\nanosip\pjproject\third_party\build\webrtc\output\libwebrtc-i386-win32-vc14-release-static\vector_scaling_operations.sbr
c:\users\r.kokh\desktop\microsip-3.22.3-src\nanosip\pjproject\third_party\build\webrtc\output\libwebrtc-i386-win32-vc14-release-static\aecm_core.sbr
c:\users\r.kokh\desktop\microsip-3.22.3-src\nanosip\pjproject\third_party\build\webrtc\output\libwebrtc-i386-win32-vc14-release-static\aecm_core_c.sbr
c:\users\r.kokh\desktop\microsip-3.22.3-src\nanosip\pjproject\third_party\build\webrtc\output\libwebrtc-i386-win32-vc14-release-static\echo_control_mobile.sbr
c:\users\r.kokh\desktop\microsip-3.22.3-src\nanosip\pjproject\third_party\build\webrtc\output\libwebrtc-i386-win32-vc14-release-static\aec_core.sbr
c:\users\r.kokh\desktop\microsip-3.22.3-src\nanosip\pjproject\third_party\build\webrtc\output\libwebrtc-i386-win32-vc14-release-static\aec_core_sse2.sbr
c:\users\r.kokh\desktop\microsip-3.22.3-src\nanosip\pjproject\third_party\build\webrtc\output\libwebrtc-i386-win32-vc14-release-static\aec_core_sse2.obj
c:\users\r.kokh\desktop\microsip-3.22.3-src\nanosip\pjproject\third_party\build\webrtc\output\libwebrtc-i386-win32-vc14-release-static\aec_core.obj
c:\users\r.kokh\desktop\microsip-3.22.3-src\nanosip\pjproject\third_party\build\webrtc\output\libwebrtc-i386-win32-vc14-release-static\echo_control_mobile.obj
c:\users\r.kokh\desktop\microsip-3.22.3-src\nanosip\pjproject\third_party\build\webrtc\output\libwebrtc-i386-win32-vc14-release-static\aecm_core_c.obj
c:\users\r.kokh\desktop\microsip-3.22.3-src\nanosip\pjproject\third_party\build\webrtc\output\libwebrtc-i386-win32-vc14-release-static\aecm_core.obj
c:\users\r.kokh\desktop\microsip-3.22.3-src\nanosip\pjproject\third_party\build\webrtc\output\libwebrtc-i386-win32-vc14-release-static\vector_scaling_operations.obj
c:\users\r.kokh\desktop\microsip-3.22.3-src\nanosip\pjproject\third_party\build\webrtc\output\libwebrtc-i386-win32-vc14-release-static\sqrt_of_one_minus_x_squared.obj
c:\users\r.kokh\desktop\microsip-3.22.3-src\nanosip\pjproject\third_party\build\webrtc\output\libwebrtc-i386-win32-vc14-release-static\spl_sqrt_floor.obj
c:\users\r.kokh\desktop\microsip-3.22.3-src\nanosip\pjproject\third_party\build\webrtc\output\libwebrtc-i386-win32-vc14-release-static\spl_sqrt.obj
c:\users\r.kokh\desktop\microsip-3.22.3-src\nanosip\pjproject\third_party\build\webrtc\output\libwebrtc-i386-win32-vc14-release-static\spl_init.obj
c:\users\r.kokh\desktop\microsip-3.22.3-src\nanosip\pjproject\third_party\build\webrtc\output\libwebrtc-i386-win32-vc14-release-static\splitting_filter.obj
c:\users\r.kokh\desktop\microsip-3.22.3-src\nanosip\pjproject\third_party\build\webrtc\output\libwebrtc-i386-win32-vc14-release-static\resample_fractional.obj
c:\users\r.kokh\desktop\microsip-3.22.3-src\nanosip\pjproject\third_party\build\webrtc\output\libwebrtc-i386-win32-vc14-release-static\resample_by_2_internal.obj
c:\users\r.kokh\desktop\microsip-3.22.3-src\nanosip\pjproject\third_party\build\webrtc\output\libwebrtc-i386-win32-vc14-release-static\resample_by_2.obj
c:\users\r.kokh\desktop\microsip-3.22.3-src\nanosip\pjproject\third_party\build\webrtc\output\libwebrtc-i386-win32-vc14-release-static\resample_48khz.obj
c:\users\r.kokh\desktop\microsip-3.22.3-src\nanosip\pjproject\third_party\build\webrtc\output\libwebrtc-i386-win32-vc14-release-static\resample.obj
c:\users\r.kokh\desktop\microsip-3.22.3-src\nanosip\pjproject\third_party\build\webrtc\output\libwebrtc-i386-win32-vc14-release-static\refl_coef_to_lpc.obj
c:\users\r.kokh\desktop\microsip-3.22.3-src\nanosip\pjproject\third_party\build\webrtc\output\libwebrtc-i386-win32-vc14-release-static\real_fft.obj
c:\users\r.kokh\desktop\microsip-3.22.3-src\nanosip\pjproject\third_party\build\webrtc\output\libwebrtc-i386-win32-vc14-release-static\randomization_functions.obj
c:\users\r.kokh\desktop\microsip-3.22.3-src\nanosip\pjproject\third_party\build\webrtc\output\libwebrtc-i386-win32-vc14-release-static\min_max_operations.obj
c:\users\r.kokh\desktop\microsip-3.22.3-src\nanosip\pjproject\third_party\build\webrtc\output\libwebrtc-i386-win32-vc14-release-static\aec_rdft.sbr
c:\users\r.kokh\desktop\microsip-3.22.3-src\nanosip\pjproject\third_party\build\webrtc\output\libwebrtc-i386-win32-vc14-release-static\aec_rdft_sse2.sbr
c:\users\r.kokh\desktop\microsip-3.22.3-src\nanosip\pjproject\third_party\build\webrtc\output\libwebrtc-i386-win32-vc14-release-static\aec_resampler.sbr
c:\users\r.kokh\desktop\microsip-3.22.3-src\nanosip\pjproject\third_party\build\webrtc\output\libwebrtc-i386-win32-vc14-release-static\echo_cancellation.sbr
c:\users\r.kokh\desktop\microsip-3.22.3-src\nanosip\pjproject\third_party\build\webrtc\output\libwebrtc-i386-win32-vc14-release-static\noise_suppression.sbr
c:\users\r.kokh\desktop\microsip-3.22.3-src\nanosip\pjproject\third_party\build\webrtc\output\libwebrtc-i386-win32-vc14-release-static\noise_suppression_x.sbr
c:\users\r.kokh\desktop\microsip-3.22.3-src\nanosip\pjproject\third_party\build\webrtc\output\libwebrtc-i386-win32-vc14-release-static\nsx_core.sbr
c:\users\r.kokh\desktop\microsip-3.22.3-src\nanosip\pjproject\third_party\build\webrtc\output\libwebrtc-i386-win32-vc14-release-static\nsx_core_c.sbr
c:\users\r.kokh\desktop\microsip-3.22.3-src\nanosip\pjproject\third_party\build\webrtc\output\libwebrtc-i386-win32-vc14-release-static\ns_core.sbr
c:\users\r.kokh\desktop\microsip-3.22.3-src\nanosip\pjproject\third_party\build\webrtc\output\libwebrtc-i386-win32-vc14-release-static\delay_estimator.sbr
c:\users\r.kokh\desktop\microsip-3.22.3-src\nanosip\pjproject\third_party\build\webrtc\output\libwebrtc-i386-win32-vc14-release-static\delay_estimator_wrapper.sbr
c:\users\r.kokh\desktop\microsip-3.22.3-src\nanosip\pjproject\third_party\build\webrtc\output\libwebrtc-i386-win32-vc14-release-static\delay_estimator_wrapper.obj
c:\users\r.kokh\desktop\microsip-3.22.3-src\nanosip\pjproject\third_party\build\webrtc\output\libwebrtc-i386-win32-vc14-release-static\delay_estimator.obj
c:\users\r.kokh\desktop\microsip-3.22.3-src\nanosip\pjproject\third_party\build\webrtc\output\libwebrtc-i386-win32-vc14-release-static\ns_core.obj
c:\users\r.kokh\desktop\microsip-3.22.3-src\nanosip\pjproject\third_party\build\webrtc\output\libwebrtc-i386-win32-vc14-release-static\nsx_core_c.obj
c:\users\r.kokh\desktop\microsip-3.22.3-src\nanosip\pjproject\third_party\build\webrtc\output\libwebrtc-i386-win32-vc14-release-static\nsx_core.obj
c:\users\r.kokh\desktop\microsip-3.22.3-src\nanosip\pjproject\third_party\build\webrtc\output\libwebrtc-i386-win32-vc14-release-static\noise_suppression_x.obj
c:\users\r.kokh\desktop\microsip-3.22.3-src\nanosip\pjproject\third_party\build\webrtc\output\libwebrtc-i386-win32-vc14-release-static\noise_suppression.obj
c:\users\r.kokh\desktop\microsip-3.22.3-src\nanosip\pjproject\third_party\build\webrtc\output\libwebrtc-i386-win32-vc14-release-static\echo_cancellation.obj
c:\users\r.kokh\desktop\microsip-3.22.3-src\nanosip\pjproject\third_party\build\webrtc\output\libwebrtc-i386-win32-vc14-release-static\aec_resampler.obj
c:\users\r.kokh\desktop\microsip-3.22.3-src\nanosip\pjproject\third_party\build\webrtc\output\libwebrtc-i386-win32-vc14-release-static\aec_rdft_sse2.obj
c:\users\r.kokh\desktop\microsip-3.22.3-src\nanosip\pjproject\third_party\build\webrtc\output\libwebrtc-i386-win32-vc14-release-static\aec_rdft.obj
c:\users\r.kokh\desktop\microsip-3.22.3-src\nanosip\pjproject\third_party\build\webrtc\output\libwebrtc-i386-win32-vc14-release-static\cpu_features.sbr
c:\users\r.kokh\desktop\microsip-3.22.3-src\nanosip\pjproject\third_party\build\webrtc\output\libwebrtc-i386-win32-vc14-release-static\cpu_features.obj
c:\users\r.kokh\desktop\microsip-3.22.3-src\nanosip\pjproject\third_party\lib\libwebrtc-i386-win32-vc14-release-static.lib
c:\users\r.kokh\desktop\microsip-3.22.3-src\nanosip\pjproject\third_party\build\webrtc\output\libwebrtc-i386-win32-vc14-release-static\libwebrtc.tlog\bscmake.command.1.tlog
c:\users\r.kokh\desktop\microsip-3.22.3-src\nanosip\pjproject\third_party\build\webrtc\output\libwebrtc-i386-win32-vc14-release-static\libwebrtc.tlog\bscmake.read.1.tlog
c:\users\r.kokh\desktop\microsip-3.22.3-src\nanosip\pjproject\third_party\build\webrtc\output\libwebrtc-i386-win32-vc14-release-static\libwebrtc.tlog\bscmake.write.1.tlog
c:\users\r.kokh\desktop\microsip-3.22.3-src\nanosip\pjproject\third_party\build\webrtc\output\libwebrtc-i386-win32-vc14-release-static\libwebrtc.tlog\cl.command.1.tlog
c:\users\r.kokh\desktop\microsip-3.22.3-src\nanosip\pjproject\third_party\build\webrtc\output\libwebrtc-i386-win32-vc14-release-static\libwebrtc.tlog\cl.items.tlog
c:\users\r.kokh\desktop\microsip-3.22.3-src\nanosip\pjproject\third_party\build\webrtc\output\libwebrtc-i386-win32-vc14-release-static\libwebrtc.tlog\cl.read.1.tlog
c:\users\r.kokh\desktop\microsip-3.22.3-src\nanosip\pjproject\third_party\build\webrtc\output\libwebrtc-i386-win32-vc14-release-static\libwebrtc.tlog\cl.write.1.tlog
c:\users\r.kokh\desktop\microsip-3.22.3-src\nanosip\pjproject\third_party\build\webrtc\output\libwebrtc-i386-win32-vc14-release-static\libwebrtc.tlog\lib-link.write.1.tlog
c:\users\r.kokh\desktop\microsip-3.22.3-src\nanosip\pjproject\third_party\build\webrtc\output\libwebrtc-i386-win32-vc14-release-static\libwebrtc.tlog\lib.command.1.tlog
c:\users\r.kokh\desktop\microsip-3.22.3-src\nanosip\pjproject\third_party\build\webrtc\output\libwebrtc-i386-win32-vc14-release-static\libwebrtc.tlog\lib.read.1.tlog
