c:\users\r.kokh\desktop\pjsip\lib\pjsip-ua-i386-win32-vc14-release-static.bsc
c:\users\r.kokh\desktop\microsip-3.22.3-src\nanosip\pjproject\pjsip\lib\pjsip-ua-i386-win32-vc14-release-static.bsc
c:\users\r.kokh\desktop\microsip-3.22.3-src\nanosip\pjproject\pjsip\lib\pjsip-ua-i386-win32-vc14-release-static.pdb
c:\users\r.kokh\desktop\microsip-3.22.3-src\nanosip\pjproject\pjsip\build\output\pjsip_ua-i386-win32-vc14-release-static\sip_100rel.sbr
c:\users\r.kokh\desktop\microsip-3.22.3-src\nanosip\pjproject\pjsip\build\output\pjsip_ua-i386-win32-vc14-release-static\sip_inv.sbr
c:\users\r.kokh\desktop\microsip-3.22.3-src\nanosip\pjproject\pjsip\build\output\pjsip_ua-i386-win32-vc14-release-static\sip_reg.sbr
c:\users\r.kokh\desktop\microsip-3.22.3-src\nanosip\pjproject\pjsip\build\output\pjsip_ua-i386-win32-vc14-release-static\sip_replaces.sbr
c:\users\r.kokh\desktop\microsip-3.22.3-src\nanosip\pjproject\pjsip\build\output\pjsip_ua-i386-win32-vc14-release-static\sip_timer.sbr
c:\users\r.kokh\desktop\microsip-3.22.3-src\nanosip\pjproject\pjsip\build\output\pjsip_ua-i386-win32-vc14-release-static\sip_xfer.sbr
c:\users\r.kokh\desktop\microsip-3.22.3-src\nanosip\pjproject\pjsip\build\output\pjsip_ua-i386-win32-vc14-release-static\sip_xfer.obj
c:\users\r.kokh\desktop\microsip-3.22.3-src\nanosip\pjproject\pjsip\build\output\pjsip_ua-i386-win32-vc14-release-static\sip_timer.obj
c:\users\r.kokh\desktop\microsip-3.22.3-src\nanosip\pjproject\pjsip\build\output\pjsip_ua-i386-win32-vc14-release-static\sip_replaces.obj
c:\users\r.kokh\desktop\microsip-3.22.3-src\nanosip\pjproject\pjsip\build\output\pjsip_ua-i386-win32-vc14-release-static\sip_reg.obj
c:\users\r.kokh\desktop\microsip-3.22.3-src\nanosip\pjproject\pjsip\build\output\pjsip_ua-i386-win32-vc14-release-static\sip_inv.obj
c:\users\r.kokh\desktop\microsip-3.22.3-src\nanosip\pjproject\pjsip\build\output\pjsip_ua-i386-win32-vc14-release-static\sip_100rel.obj
c:\users\r.kokh\desktop\microsip-3.22.3-src\nanosip\pjproject\pjsip\lib\pjsip-ua-i386-win32-vc14-release-static.lib
c:\users\r.kokh\desktop\microsip-3.22.3-src\nanosip\pjproject\pjsip\build\output\pjsip_ua-i386-win32-vc14-release-static\pjsip_ua.tlog\bscmake.command.1.tlog
c:\users\r.kokh\desktop\microsip-3.22.3-src\nanosip\pjproject\pjsip\build\output\pjsip_ua-i386-win32-vc14-release-static\pjsip_ua.tlog\bscmake.read.1.tlog
c:\users\r.kokh\desktop\microsip-3.22.3-src\nanosip\pjproject\pjsip\build\output\pjsip_ua-i386-win32-vc14-release-static\pjsip_ua.tlog\bscmake.write.1.tlog
c:\users\r.kokh\desktop\microsip-3.22.3-src\nanosip\pjproject\pjsip\build\output\pjsip_ua-i386-win32-vc14-release-static\pjsip_ua.tlog\cl.command.1.tlog
c:\users\r.kokh\desktop\microsip-3.22.3-src\nanosip\pjproject\pjsip\build\output\pjsip_ua-i386-win32-vc14-release-static\pjsip_ua.tlog\cl.items.tlog
c:\users\r.kokh\desktop\microsip-3.22.3-src\nanosip\pjproject\pjsip\build\output\pjsip_ua-i386-win32-vc14-release-static\pjsip_ua.tlog\cl.read.1.tlog
c:\users\r.kokh\desktop\microsip-3.22.3-src\nanosip\pjproject\pjsip\build\output\pjsip_ua-i386-win32-vc14-release-static\pjsip_ua.tlog\cl.write.1.tlog
c:\users\r.kokh\desktop\microsip-3.22.3-src\nanosip\pjproject\pjsip\build\output\pjsip_ua-i386-win32-vc14-release-static\pjsip_ua.tlog\lib-link.write.1.tlog
c:\users\r.kokh\desktop\microsip-3.22.3-src\nanosip\pjproject\pjsip\build\output\pjsip_ua-i386-win32-vc14-release-static\pjsip_ua.tlog\lib.command.1.tlog
c:\users\r.kokh\desktop\microsip-3.22.3-src\nanosip\pjproject\pjsip\build\output\pjsip_ua-i386-win32-vc14-release-static\pjsip_ua.tlog\lib.read.1.tlog
