c:\users\r.kokh\desktop\pjsip\lib\pjsua-lib-i386-win32-vc14-release-static.bsc
c:\users\r.kokh\desktop\microsip-3.22.3-src\nanosip\pjproject\pjsip\lib\pjsua-lib-i386-win32-vc14-release-static.bsc
c:\users\r.kokh\desktop\microsip-3.22.3-src\nanosip\pjproject\pjsip\lib\pjsua-lib-i386-win32-vc14-release-static.pdb
c:\users\r.kokh\desktop\microsip-3.22.3-src\nanosip\pjproject\pjsip\build\output\pjsua_lib-i386-win32-vc14-release-static\pjsua_acc.sbr
c:\users\r.kokh\desktop\microsip-3.22.3-src\nanosip\pjproject\pjsip\build\output\pjsua_lib-i386-win32-vc14-release-static\pjsua_aud.sbr
c:\users\r.kokh\desktop\microsip-3.22.3-src\nanosip\pjproject\pjsip\build\output\pjsua_lib-i386-win32-vc14-release-static\pjsua_call.sbr
c:\users\r.kokh\desktop\microsip-3.22.3-src\nanosip\pjproject\pjsip\build\output\pjsua_lib-i386-win32-vc14-release-static\pjsua_core.sbr
c:\users\r.kokh\desktop\microsip-3.22.3-src\nanosip\pjproject\pjsip\build\output\pjsua_lib-i386-win32-vc14-release-static\pjsua_dump.sbr
c:\users\r.kokh\desktop\microsip-3.22.3-src\nanosip\pjproject\pjsip\build\output\pjsua_lib-i386-win32-vc14-release-static\pjsua_im.sbr
c:\users\r.kokh\desktop\microsip-3.22.3-src\nanosip\pjproject\pjsip\build\output\pjsua_lib-i386-win32-vc14-release-static\pjsua_media.sbr
c:\users\r.kokh\desktop\microsip-3.22.3-src\nanosip\pjproject\pjsip\build\output\pjsua_lib-i386-win32-vc14-release-static\pjsua_pres.sbr
c:\users\r.kokh\desktop\microsip-3.22.3-src\nanosip\pjproject\pjsip\build\output\pjsua_lib-i386-win32-vc14-release-static\pjsua_vid.sbr
c:\users\r.kokh\desktop\microsip-3.22.3-src\nanosip\pjproject\pjsip\build\output\pjsua_lib-i386-win32-vc14-release-static\pjsua_vid.obj
c:\users\r.kokh\desktop\microsip-3.22.3-src\nanosip\pjproject\pjsip\build\output\pjsua_lib-i386-win32-vc14-release-static\pjsua_pres.obj
c:\users\r.kokh\desktop\microsip-3.22.3-src\nanosip\pjproject\pjsip\build\output\pjsua_lib-i386-win32-vc14-release-static\pjsua_media.obj
c:\users\r.kokh\desktop\microsip-3.22.3-src\nanosip\pjproject\pjsip\build\output\pjsua_lib-i386-win32-vc14-release-static\pjsua_im.obj
c:\users\r.kokh\desktop\microsip-3.22.3-src\nanosip\pjproject\pjsip\build\output\pjsua_lib-i386-win32-vc14-release-static\pjsua_dump.obj
c:\users\r.kokh\desktop\microsip-3.22.3-src\nanosip\pjproject\pjsip\build\output\pjsua_lib-i386-win32-vc14-release-static\pjsua_core.obj
c:\users\r.kokh\desktop\microsip-3.22.3-src\nanosip\pjproject\pjsip\build\output\pjsua_lib-i386-win32-vc14-release-static\pjsua_call.obj
c:\users\r.kokh\desktop\microsip-3.22.3-src\nanosip\pjproject\pjsip\build\output\pjsua_lib-i386-win32-vc14-release-static\pjsua_aud.obj
c:\users\r.kokh\desktop\microsip-3.22.3-src\nanosip\pjproject\pjsip\build\output\pjsua_lib-i386-win32-vc14-release-static\pjsua_acc.obj
c:\users\r.kokh\desktop\microsip-3.22.3-src\nanosip\pjproject\pjsip\lib\pjsua-lib-i386-win32-vc14-release-static.lib
c:\users\r.kokh\desktop\microsip-3.22.3-src\nanosip\pjproject\pjsip\build\output\pjsua_lib-i386-win32-vc14-release-static\pjsua_lib.tlog\bscmake.command.1.tlog
c:\users\r.kokh\desktop\microsip-3.22.3-src\nanosip\pjproject\pjsip\build\output\pjsua_lib-i386-win32-vc14-release-static\pjsua_lib.tlog\bscmake.read.1.tlog
c:\users\r.kokh\desktop\microsip-3.22.3-src\nanosip\pjproject\pjsip\build\output\pjsua_lib-i386-win32-vc14-release-static\pjsua_lib.tlog\bscmake.write.1.tlog
c:\users\r.kokh\desktop\microsip-3.22.3-src\nanosip\pjproject\pjsip\build\output\pjsua_lib-i386-win32-vc14-release-static\pjsua_lib.tlog\cl.command.1.tlog
c:\users\r.kokh\desktop\microsip-3.22.3-src\nanosip\pjproject\pjsip\build\output\pjsua_lib-i386-win32-vc14-release-static\pjsua_lib.tlog\cl.items.tlog
c:\users\r.kokh\desktop\microsip-3.22.3-src\nanosip\pjproject\pjsip\build\output\pjsua_lib-i386-win32-vc14-release-static\pjsua_lib.tlog\cl.read.1.tlog
c:\users\r.kokh\desktop\microsip-3.22.3-src\nanosip\pjproject\pjsip\build\output\pjsua_lib-i386-win32-vc14-release-static\pjsua_lib.tlog\cl.write.1.tlog
c:\users\r.kokh\desktop\microsip-3.22.3-src\nanosip\pjproject\pjsip\build\output\pjsua_lib-i386-win32-vc14-release-static\pjsua_lib.tlog\lib-link.write.1.tlog
c:\users\r.kokh\desktop\microsip-3.22.3-src\nanosip\pjproject\pjsip\build\output\pjsua_lib-i386-win32-vc14-release-static\pjsua_lib.tlog\lib.command.1.tlog
c:\users\r.kokh\desktop\microsip-3.22.3-src\nanosip\pjproject\pjsip\build\output\pjsua_lib-i386-win32-vc14-release-static\pjsua_lib.tlog\lib.read.1.tlog
