c:\users\r.kokh\desktop\third_party\lib\libsrtp-i386-win32-vc14-release-static.bsc
c:\users\r.kokh\desktop\microsip-3.22.3-src\nanosip\pjproject\third_party\lib\libsrtp-i386-win32-vc14-release-static.bsc
c:\users\r.kokh\desktop\microsip-3.22.3-src\nanosip\pjproject\third_party\lib\libsrtp-i386-win32-vc14-release-static.pdb
c:\users\r.kokh\desktop\microsip-3.22.3-src\nanosip\pjproject\third_party\build\srtp\output\libsrtp-i386-win32-vc14-release-static\aes.sbr
c:\users\r.kokh\desktop\microsip-3.22.3-src\nanosip\pjproject\third_party\build\srtp\output\libsrtp-i386-win32-vc14-release-static\aes_icm.sbr
c:\users\r.kokh\desktop\microsip-3.22.3-src\nanosip\pjproject\third_party\build\srtp\output\libsrtp-i386-win32-vc14-release-static\cipher.sbr
c:\users\r.kokh\desktop\microsip-3.22.3-src\nanosip\pjproject\third_party\build\srtp\output\libsrtp-i386-win32-vc14-release-static\null_cipher.sbr
c:\users\r.kokh\desktop\microsip-3.22.3-src\nanosip\pjproject\third_party\build\srtp\output\libsrtp-i386-win32-vc14-release-static\auth.sbr
c:\users\r.kokh\desktop\microsip-3.22.3-src\nanosip\pjproject\third_party\build\srtp\output\libsrtp-i386-win32-vc14-release-static\hmac.sbr
c:\users\r.kokh\desktop\microsip-3.22.3-src\nanosip\pjproject\third_party\build\srtp\output\libsrtp-i386-win32-vc14-release-static\null_auth.sbr
c:\users\r.kokh\desktop\microsip-3.22.3-src\nanosip\pjproject\third_party\build\srtp\output\libsrtp-i386-win32-vc14-release-static\sha1.sbr
c:\users\r.kokh\desktop\microsip-3.22.3-src\nanosip\pjproject\third_party\build\srtp\output\libsrtp-i386-win32-vc14-release-static\alloc.sbr
c:\users\r.kokh\desktop\microsip-3.22.3-src\nanosip\pjproject\third_party\build\srtp\output\libsrtp-i386-win32-vc14-release-static\crypto_kernel.sbr
c:\users\r.kokh\desktop\microsip-3.22.3-src\nanosip\pjproject\third_party\build\srtp\output\libsrtp-i386-win32-vc14-release-static\key.sbr
c:\users\r.kokh\desktop\microsip-3.22.3-src\nanosip\pjproject\third_party\build\srtp\output\libsrtp-i386-win32-vc14-release-static\datatypes.sbr
c:\users\r.kokh\desktop\microsip-3.22.3-src\nanosip\pjproject\third_party\build\srtp\output\libsrtp-i386-win32-vc14-release-static\stat.sbr
c:\users\r.kokh\desktop\microsip-3.22.3-src\nanosip\pjproject\third_party\build\srtp\output\libsrtp-i386-win32-vc14-release-static\rdb.sbr
c:\users\r.kokh\desktop\microsip-3.22.3-src\nanosip\pjproject\third_party\build\srtp\output\libsrtp-i386-win32-vc14-release-static\rdbx.sbr
c:\users\r.kokh\desktop\microsip-3.22.3-src\nanosip\pjproject\third_party\build\srtp\output\libsrtp-i386-win32-vc14-release-static\srtp_err.sbr
c:\users\r.kokh\desktop\microsip-3.22.3-src\nanosip\pjproject\third_party\build\srtp\output\libsrtp-i386-win32-vc14-release-static\srtp.sbr
c:\users\r.kokh\desktop\microsip-3.22.3-src\nanosip\pjproject\third_party\build\srtp\output\libsrtp-i386-win32-vc14-release-static\ekt.sbr
c:\users\r.kokh\desktop\microsip-3.22.3-src\nanosip\pjproject\third_party\build\srtp\output\libsrtp-i386-win32-vc14-release-static\ekt.obj
c:\users\r.kokh\desktop\microsip-3.22.3-src\nanosip\pjproject\third_party\build\srtp\output\libsrtp-i386-win32-vc14-release-static\srtp.obj
c:\users\r.kokh\desktop\microsip-3.22.3-src\nanosip\pjproject\third_party\build\srtp\output\libsrtp-i386-win32-vc14-release-static\srtp_err.obj
c:\users\r.kokh\desktop\microsip-3.22.3-src\nanosip\pjproject\third_party\build\srtp\output\libsrtp-i386-win32-vc14-release-static\rdbx.obj
c:\users\r.kokh\desktop\microsip-3.22.3-src\nanosip\pjproject\third_party\build\srtp\output\libsrtp-i386-win32-vc14-release-static\rdb.obj
c:\users\r.kokh\desktop\microsip-3.22.3-src\nanosip\pjproject\third_party\build\srtp\output\libsrtp-i386-win32-vc14-release-static\stat.obj
c:\users\r.kokh\desktop\microsip-3.22.3-src\nanosip\pjproject\third_party\build\srtp\output\libsrtp-i386-win32-vc14-release-static\datatypes.obj
c:\users\r.kokh\desktop\microsip-3.22.3-src\nanosip\pjproject\third_party\build\srtp\output\libsrtp-i386-win32-vc14-release-static\key.obj
c:\users\r.kokh\desktop\microsip-3.22.3-src\nanosip\pjproject\third_party\build\srtp\output\libsrtp-i386-win32-vc14-release-static\crypto_kernel.obj
c:\users\r.kokh\desktop\microsip-3.22.3-src\nanosip\pjproject\third_party\build\srtp\output\libsrtp-i386-win32-vc14-release-static\alloc.obj
c:\users\r.kokh\desktop\microsip-3.22.3-src\nanosip\pjproject\third_party\build\srtp\output\libsrtp-i386-win32-vc14-release-static\sha1.obj
c:\users\r.kokh\desktop\microsip-3.22.3-src\nanosip\pjproject\third_party\build\srtp\output\libsrtp-i386-win32-vc14-release-static\null_auth.obj
c:\users\r.kokh\desktop\microsip-3.22.3-src\nanosip\pjproject\third_party\build\srtp\output\libsrtp-i386-win32-vc14-release-static\hmac.obj
c:\users\r.kokh\desktop\microsip-3.22.3-src\nanosip\pjproject\third_party\build\srtp\output\libsrtp-i386-win32-vc14-release-static\auth.obj
c:\users\r.kokh\desktop\microsip-3.22.3-src\nanosip\pjproject\third_party\build\srtp\output\libsrtp-i386-win32-vc14-release-static\null_cipher.obj
c:\users\r.kokh\desktop\microsip-3.22.3-src\nanosip\pjproject\third_party\build\srtp\output\libsrtp-i386-win32-vc14-release-static\cipher.obj
c:\users\r.kokh\desktop\microsip-3.22.3-src\nanosip\pjproject\third_party\build\srtp\output\libsrtp-i386-win32-vc14-release-static\aes_icm.obj
c:\users\r.kokh\desktop\microsip-3.22.3-src\nanosip\pjproject\third_party\build\srtp\output\libsrtp-i386-win32-vc14-release-static\aes.obj
c:\users\r.kokh\desktop\microsip-3.22.3-src\nanosip\pjproject\third_party\lib\libsrtp-i386-win32-vc14-release-static.lib
c:\users\r.kokh\desktop\microsip-3.22.3-src\nanosip\pjproject\third_party\build\srtp\output\libsrtp-i386-win32-vc14-release-static\libsrtp.tlog\bscmake.command.1.tlog
c:\users\r.kokh\desktop\microsip-3.22.3-src\nanosip\pjproject\third_party\build\srtp\output\libsrtp-i386-win32-vc14-release-static\libsrtp.tlog\bscmake.read.1.tlog
c:\users\r.kokh\desktop\microsip-3.22.3-src\nanosip\pjproject\third_party\build\srtp\output\libsrtp-i386-win32-vc14-release-static\libsrtp.tlog\bscmake.write.1.tlog
c:\users\r.kokh\desktop\microsip-3.22.3-src\nanosip\pjproject\third_party\build\srtp\output\libsrtp-i386-win32-vc14-release-static\libsrtp.tlog\cl.command.1.tlog
c:\users\r.kokh\desktop\microsip-3.22.3-src\nanosip\pjproject\third_party\build\srtp\output\libsrtp-i386-win32-vc14-release-static\libsrtp.tlog\cl.items.tlog
c:\users\r.kokh\desktop\microsip-3.22.3-src\nanosip\pjproject\third_party\build\srtp\output\libsrtp-i386-win32-vc14-release-static\libsrtp.tlog\cl.read.1.tlog
c:\users\r.kokh\desktop\microsip-3.22.3-src\nanosip\pjproject\third_party\build\srtp\output\libsrtp-i386-win32-vc14-release-static\libsrtp.tlog\cl.write.1.tlog
c:\users\r.kokh\desktop\microsip-3.22.3-src\nanosip\pjproject\third_party\build\srtp\output\libsrtp-i386-win32-vc14-release-static\libsrtp.tlog\lib-link.write.1.tlog
c:\users\r.kokh\desktop\microsip-3.22.3-src\nanosip\pjproject\third_party\build\srtp\output\libsrtp-i386-win32-vc14-release-static\libsrtp.tlog\lib.command.1.tlog
c:\users\r.kokh\desktop\microsip-3.22.3-src\nanosip\pjproject\third_party\build\srtp\output\libsrtp-i386-win32-vc14-release-static\libsrtp.tlog\lib.read.1.tlog
