c:\users\r.kokh\desktop\pjnath\lib\pjnath-i386-win32-vc14-release-static.bsc
c:\users\r.kokh\desktop\microsip-3.22.3-src\nanosip\pjproject\pjnath\lib\pjnath-i386-win32-vc14-release-static.bsc
c:\users\r.kokh\desktop\microsip-3.22.3-src\nanosip\pjproject\pjnath\lib\pjnath-i386-win32-vc14-release-static.pdb
c:\users\r.kokh\desktop\microsip-3.22.3-src\nanosip\pjproject\pjnath\build\output\pjnath-i386-win32-vc14-release-static\errno.sbr
c:\users\r.kokh\desktop\microsip-3.22.3-src\nanosip\pjproject\pjnath\build\output\pjnath-i386-win32-vc14-release-static\ice_session.sbr
c:\users\r.kokh\desktop\microsip-3.22.3-src\nanosip\pjproject\pjnath\build\output\pjnath-i386-win32-vc14-release-static\ice_strans.sbr
c:\users\r.kokh\desktop\microsip-3.22.3-src\nanosip\pjproject\pjnath\build\output\pjnath-i386-win32-vc14-release-static\nat_detect.sbr
c:\users\r.kokh\desktop\microsip-3.22.3-src\nanosip\pjproject\pjnath\build\output\pjnath-i386-win32-vc14-release-static\stun_auth.sbr
c:\users\r.kokh\desktop\microsip-3.22.3-src\nanosip\pjproject\pjnath\build\output\pjnath-i386-win32-vc14-release-static\stun_msg.sbr
c:\users\r.kokh\desktop\microsip-3.22.3-src\nanosip\pjproject\pjnath\build\output\pjnath-i386-win32-vc14-release-static\stun_msg_dump.sbr
c:\users\r.kokh\desktop\microsip-3.22.3-src\nanosip\pjproject\pjnath\build\output\pjnath-i386-win32-vc14-release-static\stun_session.sbr
c:\users\r.kokh\desktop\microsip-3.22.3-src\nanosip\pjproject\pjnath\build\output\pjnath-i386-win32-vc14-release-static\stun_sock.sbr
c:\users\r.kokh\desktop\microsip-3.22.3-src\nanosip\pjproject\pjnath\build\output\pjnath-i386-win32-vc14-release-static\stun_transaction.sbr
c:\users\r.kokh\desktop\microsip-3.22.3-src\nanosip\pjproject\pjnath\build\output\pjnath-i386-win32-vc14-release-static\turn_session.sbr
c:\users\r.kokh\desktop\microsip-3.22.3-src\nanosip\pjproject\pjnath\build\output\pjnath-i386-win32-vc14-release-static\turn_sock.sbr
c:\users\r.kokh\desktop\microsip-3.22.3-src\nanosip\pjproject\pjnath\build\output\pjnath-i386-win32-vc14-release-static\turn_sock.obj
c:\users\r.kokh\desktop\microsip-3.22.3-src\nanosip\pjproject\pjnath\build\output\pjnath-i386-win32-vc14-release-static\turn_session.obj
c:\users\r.kokh\desktop\microsip-3.22.3-src\nanosip\pjproject\pjnath\build\output\pjnath-i386-win32-vc14-release-static\stun_transaction.obj
c:\users\r.kokh\desktop\microsip-3.22.3-src\nanosip\pjproject\pjnath\build\output\pjnath-i386-win32-vc14-release-static\stun_sock.obj
c:\users\r.kokh\desktop\microsip-3.22.3-src\nanosip\pjproject\pjnath\build\output\pjnath-i386-win32-vc14-release-static\stun_session.obj
c:\users\r.kokh\desktop\microsip-3.22.3-src\nanosip\pjproject\pjnath\build\output\pjnath-i386-win32-vc14-release-static\stun_msg_dump.obj
c:\users\r.kokh\desktop\microsip-3.22.3-src\nanosip\pjproject\pjnath\build\output\pjnath-i386-win32-vc14-release-static\stun_msg.obj
c:\users\r.kokh\desktop\microsip-3.22.3-src\nanosip\pjproject\pjnath\build\output\pjnath-i386-win32-vc14-release-static\stun_auth.obj
c:\users\r.kokh\desktop\microsip-3.22.3-src\nanosip\pjproject\pjnath\build\output\pjnath-i386-win32-vc14-release-static\nat_detect.obj
c:\users\r.kokh\desktop\microsip-3.22.3-src\nanosip\pjproject\pjnath\build\output\pjnath-i386-win32-vc14-release-static\ice_strans.obj
c:\users\r.kokh\desktop\microsip-3.22.3-src\nanosip\pjproject\pjnath\build\output\pjnath-i386-win32-vc14-release-static\ice_session.obj
c:\users\r.kokh\desktop\microsip-3.22.3-src\nanosip\pjproject\pjnath\build\output\pjnath-i386-win32-vc14-release-static\errno.obj
c:\users\r.kokh\desktop\microsip-3.22.3-src\nanosip\pjproject\pjnath\lib\pjnath-i386-win32-vc14-release-static.lib
c:\users\r.kokh\desktop\microsip-3.22.3-src\nanosip\pjproject\pjnath\build\output\pjnath-i386-win32-vc14-release-static\pjnath.tlog\bscmake.command.1.tlog
c:\users\r.kokh\desktop\microsip-3.22.3-src\nanosip\pjproject\pjnath\build\output\pjnath-i386-win32-vc14-release-static\pjnath.tlog\bscmake.read.1.tlog
c:\users\r.kokh\desktop\microsip-3.22.3-src\nanosip\pjproject\pjnath\build\output\pjnath-i386-win32-vc14-release-static\pjnath.tlog\bscmake.write.1.tlog
c:\users\r.kokh\desktop\microsip-3.22.3-src\nanosip\pjproject\pjnath\build\output\pjnath-i386-win32-vc14-release-static\pjnath.tlog\cl.command.1.tlog
c:\users\r.kokh\desktop\microsip-3.22.3-src\nanosip\pjproject\pjnath\build\output\pjnath-i386-win32-vc14-release-static\pjnath.tlog\cl.items.tlog
c:\users\r.kokh\desktop\microsip-3.22.3-src\nanosip\pjproject\pjnath\build\output\pjnath-i386-win32-vc14-release-static\pjnath.tlog\cl.read.1.tlog
c:\users\r.kokh\desktop\microsip-3.22.3-src\nanosip\pjproject\pjnath\build\output\pjnath-i386-win32-vc14-release-static\pjnath.tlog\cl.write.1.tlog
c:\users\r.kokh\desktop\microsip-3.22.3-src\nanosip\pjproject\pjnath\build\output\pjnath-i386-win32-vc14-release-static\pjnath.tlog\lib-link.write.1.tlog
c:\users\r.kokh\desktop\microsip-3.22.3-src\nanosip\pjproject\pjnath\build\output\pjnath-i386-win32-vc14-release-static\pjnath.tlog\lib.command.1.tlog
c:\users\r.kokh\desktop\microsip-3.22.3-src\nanosip\pjproject\pjnath\build\output\pjnath-i386-win32-vc14-release-static\pjnath.tlog\lib.read.1.tlog
