c:\users\r.kokh\desktop\pjmedia\lib\pjmedia-i386-win32-vc14-release-static.bsc
c:\users\r.kokh\desktop\microsip-3.22.3-src\nanosip\pjproject\pjmedia\lib\pjmedia-i386-win32-vc14-release-static.bsc
c:\users\r.kokh\desktop\microsip-3.22.3-src\nanosip\pjproject\pjmedia\lib\pjmedia-i386-win32-vc14-release-static.pdb
c:\users\r.kokh\desktop\microsip-3.22.3-src\nanosip\pjproject\pjmedia\build\output\pjmedia-i386-win32-vc14-release-static\alaw_ulaw.sbr
c:\users\r.kokh\desktop\microsip-3.22.3-src\nanosip\pjproject\pjmedia\build\output\pjmedia-i386-win32-vc14-release-static\alaw_ulaw_table.sbr
c:\users\r.kokh\desktop\microsip-3.22.3-src\nanosip\pjproject\pjmedia\build\output\pjmedia-i386-win32-vc14-release-static\audiodev.sbr
c:\users\r.kokh\desktop\microsip-3.22.3-src\nanosip\pjproject\pjmedia\build\output\pjmedia-i386-win32-vc14-release-static\avi_player.sbr
c:\users\r.kokh\desktop\microsip-3.22.3-src\nanosip\pjproject\pjmedia\build\output\pjmedia-i386-win32-vc14-release-static\bidirectional.sbr
c:\users\r.kokh\desktop\microsip-3.22.3-src\nanosip\pjproject\pjmedia\build\output\pjmedia-i386-win32-vc14-release-static\clock_thread.sbr
c:\users\r.kokh\desktop\microsip-3.22.3-src\nanosip\pjproject\pjmedia\build\output\pjmedia-i386-win32-vc14-release-static\codec.sbr
c:\users\r.kokh\desktop\microsip-3.22.3-src\nanosip\pjproject\pjmedia\build\output\pjmedia-i386-win32-vc14-release-static\conference.sbr
c:\users\r.kokh\desktop\microsip-3.22.3-src\nanosip\pjproject\pjmedia\build\output\pjmedia-i386-win32-vc14-release-static\conf_switch.sbr
c:\users\r.kokh\desktop\microsip-3.22.3-src\nanosip\pjproject\pjmedia\build\output\pjmedia-i386-win32-vc14-release-static\converter.sbr
c:\users\r.kokh\desktop\microsip-3.22.3-src\nanosip\pjproject\pjmedia\build\output\pjmedia-i386-win32-vc14-release-static\converter_libswscale.sbr
c:\users\r.kokh\desktop\microsip-3.22.3-src\nanosip\pjproject\pjmedia\build\output\pjmedia-i386-win32-vc14-release-static\converter_libyuv.sbr
c:\users\r.kokh\desktop\microsip-3.22.3-src\nanosip\pjproject\pjmedia\build\output\pjmedia-i386-win32-vc14-release-static\delaybuf.sbr
c:\users\r.kokh\desktop\microsip-3.22.3-src\nanosip\pjproject\pjmedia\build\output\pjmedia-i386-win32-vc14-release-static\echo_common.sbr
c:\users\r.kokh\desktop\microsip-3.22.3-src\nanosip\pjproject\pjmedia\build\output\pjmedia-i386-win32-vc14-release-static\echo_port.sbr
c:\users\r.kokh\desktop\microsip-3.22.3-src\nanosip\pjproject\pjmedia\build\output\pjmedia-i386-win32-vc14-release-static\echo_speex.sbr
c:\users\r.kokh\desktop\microsip-3.22.3-src\nanosip\pjproject\pjmedia\build\output\pjmedia-i386-win32-vc14-release-static\echo_suppress.sbr
c:\users\r.kokh\desktop\microsip-3.22.3-src\nanosip\pjproject\pjmedia\build\output\pjmedia-i386-win32-vc14-release-static\echo_webrtc.sbr
c:\users\r.kokh\desktop\microsip-3.22.3-src\nanosip\pjproject\pjmedia\build\output\pjmedia-i386-win32-vc14-release-static\endpoint.sbr
c:\users\r.kokh\desktop\microsip-3.22.3-src\nanosip\pjproject\pjmedia\build\output\pjmedia-i386-win32-vc14-release-static\errno.sbr
c:\users\r.kokh\desktop\microsip-3.22.3-src\nanosip\pjproject\pjmedia\build\output\pjmedia-i386-win32-vc14-release-static\errno.obj
c:\users\r.kokh\desktop\microsip-3.22.3-src\nanosip\pjproject\pjmedia\build\output\pjmedia-i386-win32-vc14-release-static\endpoint.obj
c:\users\r.kokh\desktop\microsip-3.22.3-src\nanosip\pjproject\pjmedia\build\output\pjmedia-i386-win32-vc14-release-static\echo_webrtc.obj
c:\users\r.kokh\desktop\microsip-3.22.3-src\nanosip\pjproject\pjmedia\build\output\pjmedia-i386-win32-vc14-release-static\echo_suppress.obj
c:\users\r.kokh\desktop\microsip-3.22.3-src\nanosip\pjproject\pjmedia\build\output\pjmedia-i386-win32-vc14-release-static\echo_speex.obj
c:\users\r.kokh\desktop\microsip-3.22.3-src\nanosip\pjproject\pjmedia\build\output\pjmedia-i386-win32-vc14-release-static\echo_port.obj
c:\users\r.kokh\desktop\microsip-3.22.3-src\nanosip\pjproject\pjmedia\build\output\pjmedia-i386-win32-vc14-release-static\echo_common.obj
c:\users\r.kokh\desktop\microsip-3.22.3-src\nanosip\pjproject\pjmedia\build\output\pjmedia-i386-win32-vc14-release-static\delaybuf.obj
c:\users\r.kokh\desktop\microsip-3.22.3-src\nanosip\pjproject\pjmedia\build\output\pjmedia-i386-win32-vc14-release-static\converter_libyuv.obj
c:\users\r.kokh\desktop\microsip-3.22.3-src\nanosip\pjproject\pjmedia\build\output\pjmedia-i386-win32-vc14-release-static\converter_libswscale.obj
c:\users\r.kokh\desktop\microsip-3.22.3-src\nanosip\pjproject\pjmedia\build\output\pjmedia-i386-win32-vc14-release-static\converter.obj
c:\users\r.kokh\desktop\microsip-3.22.3-src\nanosip\pjproject\pjmedia\build\output\pjmedia-i386-win32-vc14-release-static\conf_switch.obj
c:\users\r.kokh\desktop\microsip-3.22.3-src\nanosip\pjproject\pjmedia\build\output\pjmedia-i386-win32-vc14-release-static\conference.obj
c:\users\r.kokh\desktop\microsip-3.22.3-src\nanosip\pjproject\pjmedia\build\output\pjmedia-i386-win32-vc14-release-static\codec.obj
c:\users\r.kokh\desktop\microsip-3.22.3-src\nanosip\pjproject\pjmedia\build\output\pjmedia-i386-win32-vc14-release-static\clock_thread.obj
c:\users\r.kokh\desktop\microsip-3.22.3-src\nanosip\pjproject\pjmedia\build\output\pjmedia-i386-win32-vc14-release-static\bidirectional.obj
c:\users\r.kokh\desktop\microsip-3.22.3-src\nanosip\pjproject\pjmedia\build\output\pjmedia-i386-win32-vc14-release-static\avi_player.obj
c:\users\r.kokh\desktop\microsip-3.22.3-src\nanosip\pjproject\pjmedia\build\output\pjmedia-i386-win32-vc14-release-static\audiodev.obj
c:\users\r.kokh\desktop\microsip-3.22.3-src\nanosip\pjproject\pjmedia\build\output\pjmedia-i386-win32-vc14-release-static\alaw_ulaw_table.obj
c:\users\r.kokh\desktop\microsip-3.22.3-src\nanosip\pjproject\pjmedia\build\output\pjmedia-i386-win32-vc14-release-static\alaw_ulaw.obj
c:\users\r.kokh\desktop\microsip-3.22.3-src\nanosip\pjproject\pjmedia\build\output\pjmedia-i386-win32-vc14-release-static\event.sbr
c:\users\r.kokh\desktop\microsip-3.22.3-src\nanosip\pjproject\pjmedia\build\output\pjmedia-i386-win32-vc14-release-static\ffmpeg_util.sbr
c:\users\r.kokh\desktop\microsip-3.22.3-src\nanosip\pjproject\pjmedia\build\output\pjmedia-i386-win32-vc14-release-static\format.sbr
c:\users\r.kokh\desktop\microsip-3.22.3-src\nanosip\pjproject\pjmedia\build\output\pjmedia-i386-win32-vc14-release-static\g711.sbr
c:\users\r.kokh\desktop\microsip-3.22.3-src\nanosip\pjproject\pjmedia\build\output\pjmedia-i386-win32-vc14-release-static\jbuf.sbr
c:\users\r.kokh\desktop\microsip-3.22.3-src\nanosip\pjproject\pjmedia\build\output\pjmedia-i386-win32-vc14-release-static\master_port.sbr
c:\users\r.kokh\desktop\microsip-3.22.3-src\nanosip\pjproject\pjmedia\build\output\pjmedia-i386-win32-vc14-release-static\mem_capture.sbr
c:\users\r.kokh\desktop\microsip-3.22.3-src\nanosip\pjproject\pjmedia\build\output\pjmedia-i386-win32-vc14-release-static\mem_player.sbr
c:\users\r.kokh\desktop\microsip-3.22.3-src\nanosip\pjproject\pjmedia\build\output\pjmedia-i386-win32-vc14-release-static\null_port.sbr
c:\users\r.kokh\desktop\microsip-3.22.3-src\nanosip\pjproject\pjmedia\build\output\pjmedia-i386-win32-vc14-release-static\plc_common.sbr
c:\users\r.kokh\desktop\microsip-3.22.3-src\nanosip\pjproject\pjmedia\build\output\pjmedia-i386-win32-vc14-release-static\port.sbr
c:\users\r.kokh\desktop\microsip-3.22.3-src\nanosip\pjproject\pjmedia\build\output\pjmedia-i386-win32-vc14-release-static\resample_libsamplerate.sbr
c:\users\r.kokh\desktop\microsip-3.22.3-src\nanosip\pjproject\pjmedia\build\output\pjmedia-i386-win32-vc14-release-static\resample_port.sbr
c:\users\r.kokh\desktop\microsip-3.22.3-src\nanosip\pjproject\pjmedia\build\output\pjmedia-i386-win32-vc14-release-static\resample_resample.sbr
c:\users\r.kokh\desktop\microsip-3.22.3-src\nanosip\pjproject\pjmedia\build\output\pjmedia-i386-win32-vc14-release-static\resample_speex.sbr
c:\users\r.kokh\desktop\microsip-3.22.3-src\nanosip\pjproject\pjmedia\build\output\pjmedia-i386-win32-vc14-release-static\rtcp.sbr
c:\users\r.kokh\desktop\microsip-3.22.3-src\nanosip\pjproject\pjmedia\build\output\pjmedia-i386-win32-vc14-release-static\rtcp_fb.sbr
c:\users\r.kokh\desktop\microsip-3.22.3-src\nanosip\pjproject\pjmedia\build\output\pjmedia-i386-win32-vc14-release-static\rtcp_xr.sbr
c:\users\r.kokh\desktop\microsip-3.22.3-src\nanosip\pjproject\pjmedia\build\output\pjmedia-i386-win32-vc14-release-static\rtp.sbr
c:\users\r.kokh\desktop\microsip-3.22.3-src\nanosip\pjproject\pjmedia\build\output\pjmedia-i386-win32-vc14-release-static\sdp.sbr
c:\users\r.kokh\desktop\microsip-3.22.3-src\nanosip\pjproject\pjmedia\build\output\pjmedia-i386-win32-vc14-release-static\sdp.obj
c:\users\r.kokh\desktop\microsip-3.22.3-src\nanosip\pjproject\pjmedia\build\output\pjmedia-i386-win32-vc14-release-static\rtp.obj
c:\users\r.kokh\desktop\microsip-3.22.3-src\nanosip\pjproject\pjmedia\build\output\pjmedia-i386-win32-vc14-release-static\rtcp_xr.obj
c:\users\r.kokh\desktop\microsip-3.22.3-src\nanosip\pjproject\pjmedia\build\output\pjmedia-i386-win32-vc14-release-static\rtcp_fb.obj
c:\users\r.kokh\desktop\microsip-3.22.3-src\nanosip\pjproject\pjmedia\build\output\pjmedia-i386-win32-vc14-release-static\rtcp.obj
c:\users\r.kokh\desktop\microsip-3.22.3-src\nanosip\pjproject\pjmedia\build\output\pjmedia-i386-win32-vc14-release-static\resample_speex.obj
c:\users\r.kokh\desktop\microsip-3.22.3-src\nanosip\pjproject\pjmedia\build\output\pjmedia-i386-win32-vc14-release-static\resample_resample.obj
c:\users\r.kokh\desktop\microsip-3.22.3-src\nanosip\pjproject\pjmedia\build\output\pjmedia-i386-win32-vc14-release-static\resample_port.obj
c:\users\r.kokh\desktop\microsip-3.22.3-src\nanosip\pjproject\pjmedia\build\output\pjmedia-i386-win32-vc14-release-static\resample_libsamplerate.obj
c:\users\r.kokh\desktop\microsip-3.22.3-src\nanosip\pjproject\pjmedia\build\output\pjmedia-i386-win32-vc14-release-static\port.obj
c:\users\r.kokh\desktop\microsip-3.22.3-src\nanosip\pjproject\pjmedia\build\output\pjmedia-i386-win32-vc14-release-static\plc_common.obj
c:\users\r.kokh\desktop\microsip-3.22.3-src\nanosip\pjproject\pjmedia\build\output\pjmedia-i386-win32-vc14-release-static\null_port.obj
c:\users\r.kokh\desktop\microsip-3.22.3-src\nanosip\pjproject\pjmedia\build\output\pjmedia-i386-win32-vc14-release-static\mem_player.obj
c:\users\r.kokh\desktop\microsip-3.22.3-src\nanosip\pjproject\pjmedia\build\output\pjmedia-i386-win32-vc14-release-static\mem_capture.obj
c:\users\r.kokh\desktop\microsip-3.22.3-src\nanosip\pjproject\pjmedia\build\output\pjmedia-i386-win32-vc14-release-static\master_port.obj
c:\users\r.kokh\desktop\microsip-3.22.3-src\nanosip\pjproject\pjmedia\build\output\pjmedia-i386-win32-vc14-release-static\jbuf.obj
c:\users\r.kokh\desktop\microsip-3.22.3-src\nanosip\pjproject\pjmedia\build\output\pjmedia-i386-win32-vc14-release-static\g711.obj
c:\users\r.kokh\desktop\microsip-3.22.3-src\nanosip\pjproject\pjmedia\build\output\pjmedia-i386-win32-vc14-release-static\format.obj
c:\users\r.kokh\desktop\microsip-3.22.3-src\nanosip\pjproject\pjmedia\build\output\pjmedia-i386-win32-vc14-release-static\ffmpeg_util.obj
c:\users\r.kokh\desktop\microsip-3.22.3-src\nanosip\pjproject\pjmedia\build\output\pjmedia-i386-win32-vc14-release-static\event.obj
c:\users\r.kokh\desktop\microsip-3.22.3-src\nanosip\pjproject\pjmedia\build\output\pjmedia-i386-win32-vc14-release-static\sdp_cmp.sbr
c:\users\r.kokh\desktop\microsip-3.22.3-src\nanosip\pjproject\pjmedia\build\output\pjmedia-i386-win32-vc14-release-static\sdp_neg.sbr
c:\users\r.kokh\desktop\microsip-3.22.3-src\nanosip\pjproject\pjmedia\build\output\pjmedia-i386-win32-vc14-release-static\silencedet.sbr
c:\users\r.kokh\desktop\microsip-3.22.3-src\nanosip\pjproject\pjmedia\build\output\pjmedia-i386-win32-vc14-release-static\sound_legacy.sbr
c:\users\r.kokh\desktop\microsip-3.22.3-src\nanosip\pjproject\pjmedia\build\output\pjmedia-i386-win32-vc14-release-static\sound_port.sbr
c:\users\r.kokh\desktop\microsip-3.22.3-src\nanosip\pjproject\pjmedia\build\output\pjmedia-i386-win32-vc14-release-static\splitcomb.sbr
c:\users\r.kokh\desktop\microsip-3.22.3-src\nanosip\pjproject\pjmedia\build\output\pjmedia-i386-win32-vc14-release-static\stereo_port.sbr
c:\users\r.kokh\desktop\microsip-3.22.3-src\nanosip\pjproject\pjmedia\build\output\pjmedia-i386-win32-vc14-release-static\stream.sbr
c:\users\r.kokh\desktop\microsip-3.22.3-src\nanosip\pjproject\pjmedia\build\output\pjmedia-i386-win32-vc14-release-static\stream_common.sbr
c:\users\r.kokh\desktop\microsip-3.22.3-src\nanosip\pjproject\pjmedia\build\output\pjmedia-i386-win32-vc14-release-static\stream_info.sbr
c:\users\r.kokh\desktop\microsip-3.22.3-src\nanosip\pjproject\pjmedia\build\output\pjmedia-i386-win32-vc14-release-static\tonegen.sbr
c:\users\r.kokh\desktop\microsip-3.22.3-src\nanosip\pjproject\pjmedia\build\output\pjmedia-i386-win32-vc14-release-static\transport_adapter_sample.sbr
c:\users\r.kokh\desktop\microsip-3.22.3-src\nanosip\pjproject\pjmedia\build\output\pjmedia-i386-win32-vc14-release-static\transport_ice.sbr
c:\users\r.kokh\desktop\microsip-3.22.3-src\nanosip\pjproject\pjmedia\build\output\pjmedia-i386-win32-vc14-release-static\transport_loop.sbr
c:\users\r.kokh\desktop\microsip-3.22.3-src\nanosip\pjproject\pjmedia\build\output\pjmedia-i386-win32-vc14-release-static\transport_srtp.sbr
c:\users\r.kokh\desktop\microsip-3.22.3-src\nanosip\pjproject\pjmedia\build\output\pjmedia-i386-win32-vc14-release-static\transport_udp.sbr
c:\users\r.kokh\desktop\microsip-3.22.3-src\nanosip\pjproject\pjmedia\build\output\pjmedia-i386-win32-vc14-release-static\types.sbr
c:\users\r.kokh\desktop\microsip-3.22.3-src\nanosip\pjproject\pjmedia\build\output\pjmedia-i386-win32-vc14-release-static\videodev.sbr
c:\users\r.kokh\desktop\microsip-3.22.3-src\nanosip\pjproject\pjmedia\build\output\pjmedia-i386-win32-vc14-release-static\vid_codec.sbr
c:\users\r.kokh\desktop\microsip-3.22.3-src\nanosip\pjproject\pjmedia\build\output\pjmedia-i386-win32-vc14-release-static\vid_codec_util.sbr
c:\users\r.kokh\desktop\microsip-3.22.3-src\nanosip\pjproject\pjmedia\build\output\pjmedia-i386-win32-vc14-release-static\vid_codec_util.obj
c:\users\r.kokh\desktop\microsip-3.22.3-src\nanosip\pjproject\pjmedia\build\output\pjmedia-i386-win32-vc14-release-static\vid_codec.obj
c:\users\r.kokh\desktop\microsip-3.22.3-src\nanosip\pjproject\pjmedia\build\output\pjmedia-i386-win32-vc14-release-static\videodev.obj
c:\users\r.kokh\desktop\microsip-3.22.3-src\nanosip\pjproject\pjmedia\build\output\pjmedia-i386-win32-vc14-release-static\types.obj
c:\users\r.kokh\desktop\microsip-3.22.3-src\nanosip\pjproject\pjmedia\build\output\pjmedia-i386-win32-vc14-release-static\transport_udp.obj
c:\users\r.kokh\desktop\microsip-3.22.3-src\nanosip\pjproject\pjmedia\build\output\pjmedia-i386-win32-vc14-release-static\transport_srtp.obj
c:\users\r.kokh\desktop\microsip-3.22.3-src\nanosip\pjproject\pjmedia\build\output\pjmedia-i386-win32-vc14-release-static\transport_loop.obj
c:\users\r.kokh\desktop\microsip-3.22.3-src\nanosip\pjproject\pjmedia\build\output\pjmedia-i386-win32-vc14-release-static\transport_ice.obj
c:\users\r.kokh\desktop\microsip-3.22.3-src\nanosip\pjproject\pjmedia\build\output\pjmedia-i386-win32-vc14-release-static\transport_adapter_sample.obj
c:\users\r.kokh\desktop\microsip-3.22.3-src\nanosip\pjproject\pjmedia\build\output\pjmedia-i386-win32-vc14-release-static\tonegen.obj
c:\users\r.kokh\desktop\microsip-3.22.3-src\nanosip\pjproject\pjmedia\build\output\pjmedia-i386-win32-vc14-release-static\stream_info.obj
c:\users\r.kokh\desktop\microsip-3.22.3-src\nanosip\pjproject\pjmedia\build\output\pjmedia-i386-win32-vc14-release-static\stream_common.obj
c:\users\r.kokh\desktop\microsip-3.22.3-src\nanosip\pjproject\pjmedia\build\output\pjmedia-i386-win32-vc14-release-static\stream.obj
c:\users\r.kokh\desktop\microsip-3.22.3-src\nanosip\pjproject\pjmedia\build\output\pjmedia-i386-win32-vc14-release-static\stereo_port.obj
c:\users\r.kokh\desktop\microsip-3.22.3-src\nanosip\pjproject\pjmedia\build\output\pjmedia-i386-win32-vc14-release-static\splitcomb.obj
c:\users\r.kokh\desktop\microsip-3.22.3-src\nanosip\pjproject\pjmedia\build\output\pjmedia-i386-win32-vc14-release-static\sound_port.obj
c:\users\r.kokh\desktop\microsip-3.22.3-src\nanosip\pjproject\pjmedia\build\output\pjmedia-i386-win32-vc14-release-static\sound_legacy.obj
c:\users\r.kokh\desktop\microsip-3.22.3-src\nanosip\pjproject\pjmedia\build\output\pjmedia-i386-win32-vc14-release-static\silencedet.obj
c:\users\r.kokh\desktop\microsip-3.22.3-src\nanosip\pjproject\pjmedia\build\output\pjmedia-i386-win32-vc14-release-static\sdp_neg.obj
c:\users\r.kokh\desktop\microsip-3.22.3-src\nanosip\pjproject\pjmedia\build\output\pjmedia-i386-win32-vc14-release-static\sdp_cmp.obj
c:\users\r.kokh\desktop\microsip-3.22.3-src\nanosip\pjproject\pjmedia\build\output\pjmedia-i386-win32-vc14-release-static\vid_conf.sbr
c:\users\r.kokh\desktop\microsip-3.22.3-src\nanosip\pjproject\pjmedia\build\output\pjmedia-i386-win32-vc14-release-static\vid_port.sbr
c:\users\r.kokh\desktop\microsip-3.22.3-src\nanosip\pjproject\pjmedia\build\output\pjmedia-i386-win32-vc14-release-static\vid_stream.sbr
c:\users\r.kokh\desktop\microsip-3.22.3-src\nanosip\pjproject\pjmedia\build\output\pjmedia-i386-win32-vc14-release-static\vid_stream_info.sbr
c:\users\r.kokh\desktop\microsip-3.22.3-src\nanosip\pjproject\pjmedia\build\output\pjmedia-i386-win32-vc14-release-static\vid_tee.sbr
c:\users\r.kokh\desktop\microsip-3.22.3-src\nanosip\pjproject\pjmedia\build\output\pjmedia-i386-win32-vc14-release-static\wave.sbr
c:\users\r.kokh\desktop\microsip-3.22.3-src\nanosip\pjproject\pjmedia\build\output\pjmedia-i386-win32-vc14-release-static\wav_player.sbr
c:\users\r.kokh\desktop\microsip-3.22.3-src\nanosip\pjproject\pjmedia\build\output\pjmedia-i386-win32-vc14-release-static\wav_playlist.sbr
c:\users\r.kokh\desktop\microsip-3.22.3-src\nanosip\pjproject\pjmedia\build\output\pjmedia-i386-win32-vc14-release-static\wav_writer.sbr
c:\users\r.kokh\desktop\microsip-3.22.3-src\nanosip\pjproject\pjmedia\build\output\pjmedia-i386-win32-vc14-release-static\wsola.sbr
c:\users\r.kokh\desktop\microsip-3.22.3-src\nanosip\pjproject\pjmedia\build\output\pjmedia-i386-win32-vc14-release-static\wsola.obj
c:\users\r.kokh\desktop\microsip-3.22.3-src\nanosip\pjproject\pjmedia\build\output\pjmedia-i386-win32-vc14-release-static\wav_writer.obj
c:\users\r.kokh\desktop\microsip-3.22.3-src\nanosip\pjproject\pjmedia\build\output\pjmedia-i386-win32-vc14-release-static\wav_playlist.obj
c:\users\r.kokh\desktop\microsip-3.22.3-src\nanosip\pjproject\pjmedia\build\output\pjmedia-i386-win32-vc14-release-static\wav_player.obj
c:\users\r.kokh\desktop\microsip-3.22.3-src\nanosip\pjproject\pjmedia\build\output\pjmedia-i386-win32-vc14-release-static\wave.obj
c:\users\r.kokh\desktop\microsip-3.22.3-src\nanosip\pjproject\pjmedia\build\output\pjmedia-i386-win32-vc14-release-static\vid_tee.obj
c:\users\r.kokh\desktop\microsip-3.22.3-src\nanosip\pjproject\pjmedia\build\output\pjmedia-i386-win32-vc14-release-static\vid_stream_info.obj
c:\users\r.kokh\desktop\microsip-3.22.3-src\nanosip\pjproject\pjmedia\build\output\pjmedia-i386-win32-vc14-release-static\vid_stream.obj
c:\users\r.kokh\desktop\microsip-3.22.3-src\nanosip\pjproject\pjmedia\build\output\pjmedia-i386-win32-vc14-release-static\vid_port.obj
c:\users\r.kokh\desktop\microsip-3.22.3-src\nanosip\pjproject\pjmedia\build\output\pjmedia-i386-win32-vc14-release-static\vid_conf.obj
c:\users\r.kokh\desktop\microsip-3.22.3-src\nanosip\pjproject\pjmedia\lib\pjmedia-i386-win32-vc14-release-static.lib
c:\users\r.kokh\desktop\microsip-3.22.3-src\nanosip\pjproject\pjmedia\build\output\pjmedia-i386-win32-vc14-release-static\pjmedia.tlog\bscmake.command.1.tlog
c:\users\r.kokh\desktop\microsip-3.22.3-src\nanosip\pjproject\pjmedia\build\output\pjmedia-i386-win32-vc14-release-static\pjmedia.tlog\bscmake.read.1.tlog
c:\users\r.kokh\desktop\microsip-3.22.3-src\nanosip\pjproject\pjmedia\build\output\pjmedia-i386-win32-vc14-release-static\pjmedia.tlog\bscmake.write.1.tlog
c:\users\r.kokh\desktop\microsip-3.22.3-src\nanosip\pjproject\pjmedia\build\output\pjmedia-i386-win32-vc14-release-static\pjmedia.tlog\cl.command.1.tlog
c:\users\r.kokh\desktop\microsip-3.22.3-src\nanosip\pjproject\pjmedia\build\output\pjmedia-i386-win32-vc14-release-static\pjmedia.tlog\cl.items.tlog
c:\users\r.kokh\desktop\microsip-3.22.3-src\nanosip\pjproject\pjmedia\build\output\pjmedia-i386-win32-vc14-release-static\pjmedia.tlog\cl.read.1.tlog
c:\users\r.kokh\desktop\microsip-3.22.3-src\nanosip\pjproject\pjmedia\build\output\pjmedia-i386-win32-vc14-release-static\pjmedia.tlog\cl.write.1.tlog
c:\users\r.kokh\desktop\microsip-3.22.3-src\nanosip\pjproject\pjmedia\build\output\pjmedia-i386-win32-vc14-release-static\pjmedia.tlog\lib-link.write.1.tlog
c:\users\r.kokh\desktop\microsip-3.22.3-src\nanosip\pjproject\pjmedia\build\output\pjmedia-i386-win32-vc14-release-static\pjmedia.tlog\lib.command.1.tlog
c:\users\r.kokh\desktop\microsip-3.22.3-src\nanosip\pjproject\pjmedia\build\output\pjmedia-i386-win32-vc14-release-static\pjmedia.tlog\lib.read.1.tlog
