c:\users\r.kokh\desktop\pjsip\lib\pjsip-simple-i386-win32-vc14-release-static.bsc
c:\users\r.kokh\desktop\microsip-3.22.3-src\nanosip\pjproject\pjsip\lib\pjsip-simple-i386-win32-vc14-release-static.bsc
c:\users\r.kokh\desktop\microsip-3.22.3-src\nanosip\pjproject\pjsip\lib\pjsip-simple-i386-win32-vc14-release-static.pdb
c:\users\r.kokh\desktop\microsip-3.22.3-src\nanosip\pjproject\pjsip\build\output\pjsip_simple-i386-win32-vc14-release-static\errno.sbr
c:\users\r.kokh\desktop\microsip-3.22.3-src\nanosip\pjproject\pjsip\build\output\pjsip_simple-i386-win32-vc14-release-static\evsub.sbr
c:\users\r.kokh\desktop\microsip-3.22.3-src\nanosip\pjproject\pjsip\build\output\pjsip_simple-i386-win32-vc14-release-static\evsub_msg.sbr
c:\users\r.kokh\desktop\microsip-3.22.3-src\nanosip\pjproject\pjsip\build\output\pjsip_simple-i386-win32-vc14-release-static\iscomposing.sbr
c:\users\r.kokh\desktop\microsip-3.22.3-src\nanosip\pjproject\pjsip\build\output\pjsip_simple-i386-win32-vc14-release-static\mwi.sbr
c:\users\r.kokh\desktop\microsip-3.22.3-src\nanosip\pjproject\pjsip\build\output\pjsip_simple-i386-win32-vc14-release-static\pidf.sbr
c:\users\r.kokh\desktop\microsip-3.22.3-src\nanosip\pjproject\pjsip\build\output\pjsip_simple-i386-win32-vc14-release-static\presence.sbr
c:\users\r.kokh\desktop\microsip-3.22.3-src\nanosip\pjproject\pjsip\build\output\pjsip_simple-i386-win32-vc14-release-static\presence_body.sbr
c:\users\r.kokh\desktop\microsip-3.22.3-src\nanosip\pjproject\pjsip\build\output\pjsip_simple-i386-win32-vc14-release-static\publishc.sbr
c:\users\r.kokh\desktop\microsip-3.22.3-src\nanosip\pjproject\pjsip\build\output\pjsip_simple-i386-win32-vc14-release-static\rpid.sbr
c:\users\r.kokh\desktop\microsip-3.22.3-src\nanosip\pjproject\pjsip\build\output\pjsip_simple-i386-win32-vc14-release-static\xpidf.sbr
c:\users\r.kokh\desktop\microsip-3.22.3-src\nanosip\pjproject\pjsip\build\output\pjsip_simple-i386-win32-vc14-release-static\xpidf.obj
c:\users\r.kokh\desktop\microsip-3.22.3-src\nanosip\pjproject\pjsip\build\output\pjsip_simple-i386-win32-vc14-release-static\rpid.obj
c:\users\r.kokh\desktop\microsip-3.22.3-src\nanosip\pjproject\pjsip\build\output\pjsip_simple-i386-win32-vc14-release-static\publishc.obj
c:\users\r.kokh\desktop\microsip-3.22.3-src\nanosip\pjproject\pjsip\build\output\pjsip_simple-i386-win32-vc14-release-static\presence_body.obj
c:\users\r.kokh\desktop\microsip-3.22.3-src\nanosip\pjproject\pjsip\build\output\pjsip_simple-i386-win32-vc14-release-static\presence.obj
c:\users\r.kokh\desktop\microsip-3.22.3-src\nanosip\pjproject\pjsip\build\output\pjsip_simple-i386-win32-vc14-release-static\pidf.obj
c:\users\r.kokh\desktop\microsip-3.22.3-src\nanosip\pjproject\pjsip\build\output\pjsip_simple-i386-win32-vc14-release-static\mwi.obj
c:\users\r.kokh\desktop\microsip-3.22.3-src\nanosip\pjproject\pjsip\build\output\pjsip_simple-i386-win32-vc14-release-static\iscomposing.obj
c:\users\r.kokh\desktop\microsip-3.22.3-src\nanosip\pjproject\pjsip\build\output\pjsip_simple-i386-win32-vc14-release-static\evsub_msg.obj
c:\users\r.kokh\desktop\microsip-3.22.3-src\nanosip\pjproject\pjsip\build\output\pjsip_simple-i386-win32-vc14-release-static\evsub.obj
c:\users\r.kokh\desktop\microsip-3.22.3-src\nanosip\pjproject\pjsip\build\output\pjsip_simple-i386-win32-vc14-release-static\errno.obj
c:\users\r.kokh\desktop\microsip-3.22.3-src\nanosip\pjproject\pjsip\lib\pjsip-simple-i386-win32-vc14-release-static.lib
c:\users\r.kokh\desktop\microsip-3.22.3-src\nanosip\pjproject\pjsip\build\output\pjsip_simple-i386-win32-vc14-release-static\pjsip_simple.tlog\bscmake.command.1.tlog
c:\users\r.kokh\desktop\microsip-3.22.3-src\nanosip\pjproject\pjsip\build\output\pjsip_simple-i386-win32-vc14-release-static\pjsip_simple.tlog\bscmake.read.1.tlog
c:\users\r.kokh\desktop\microsip-3.22.3-src\nanosip\pjproject\pjsip\build\output\pjsip_simple-i386-win32-vc14-release-static\pjsip_simple.tlog\bscmake.write.1.tlog
c:\users\r.kokh\desktop\microsip-3.22.3-src\nanosip\pjproject\pjsip\build\output\pjsip_simple-i386-win32-vc14-release-static\pjsip_simple.tlog\cl.command.1.tlog
c:\users\r.kokh\desktop\microsip-3.22.3-src\nanosip\pjproject\pjsip\build\output\pjsip_simple-i386-win32-vc14-release-static\pjsip_simple.tlog\cl.items.tlog
c:\users\r.kokh\desktop\microsip-3.22.3-src\nanosip\pjproject\pjsip\build\output\pjsip_simple-i386-win32-vc14-release-static\pjsip_simple.tlog\cl.read.1.tlog
c:\users\r.kokh\desktop\microsip-3.22.3-src\nanosip\pjproject\pjsip\build\output\pjsip_simple-i386-win32-vc14-release-static\pjsip_simple.tlog\cl.write.1.tlog
c:\users\r.kokh\desktop\microsip-3.22.3-src\nanosip\pjproject\pjsip\build\output\pjsip_simple-i386-win32-vc14-release-static\pjsip_simple.tlog\lib-link.write.1.tlog
c:\users\r.kokh\desktop\microsip-3.22.3-src\nanosip\pjproject\pjsip\build\output\pjsip_simple-i386-win32-vc14-release-static\pjsip_simple.tlog\lib.command.1.tlog
c:\users\r.kokh\desktop\microsip-3.22.3-src\nanosip\pjproject\pjsip\build\output\pjsip_simple-i386-win32-vc14-release-static\pjsip_simple.tlog\lib.read.1.tlog
