c:\users\r.kokh\desktop\pjlib\lib\pjlib-i386-win32-vc14-release-static.bsc
c:\users\r.kokh\desktop\microsip-3.22.3-src\nanosip\pjproject\pjlib\lib\pjlib-i386-win32-vc14-release-static.bsc
c:\users\r.kokh\desktop\microsip-3.22.3-src\nanosip\pjproject\pjlib\lib\pjlib-i386-win32-vc14-release-static.pdb
c:\users\r.kokh\desktop\microsip-3.22.3-src\nanosip\pjproject\pjlib\build\output\pjlib-i386-win32-vc14-release-static\activesock.sbr
c:\users\r.kokh\desktop\microsip-3.22.3-src\nanosip\pjproject\pjlib\build\output\pjlib-i386-win32-vc14-release-static\addr_resolv_sock.sbr
c:\users\r.kokh\desktop\microsip-3.22.3-src\nanosip\pjproject\pjlib\build\output\pjlib-i386-win32-vc14-release-static\array.sbr
c:\users\r.kokh\desktop\microsip-3.22.3-src\nanosip\pjproject\pjlib\build\output\pjlib-i386-win32-vc14-release-static\config.sbr
c:\users\r.kokh\desktop\microsip-3.22.3-src\nanosip\pjproject\pjlib\build\output\pjlib-i386-win32-vc14-release-static\ctype.sbr
c:\users\r.kokh\desktop\microsip-3.22.3-src\nanosip\pjproject\pjlib\build\output\pjlib-i386-win32-vc14-release-static\errno.sbr
c:\users\r.kokh\desktop\microsip-3.22.3-src\nanosip\pjproject\pjlib\build\output\pjlib-i386-win32-vc14-release-static\except.sbr
c:\users\r.kokh\desktop\microsip-3.22.3-src\nanosip\pjproject\pjlib\build\output\pjlib-i386-win32-vc14-release-static\fifobuf.sbr
c:\users\r.kokh\desktop\microsip-3.22.3-src\nanosip\pjproject\pjlib\build\output\pjlib-i386-win32-vc14-release-static\file_access_win32.sbr
c:\users\r.kokh\desktop\microsip-3.22.3-src\nanosip\pjproject\pjlib\build\output\pjlib-i386-win32-vc14-release-static\file_io_win32.sbr
c:\users\r.kokh\desktop\microsip-3.22.3-src\nanosip\pjproject\pjlib\build\output\pjlib-i386-win32-vc14-release-static\guid.sbr
c:\users\r.kokh\desktop\microsip-3.22.3-src\nanosip\pjproject\pjlib\build\output\pjlib-i386-win32-vc14-release-static\guid_win32.sbr
c:\users\r.kokh\desktop\microsip-3.22.3-src\nanosip\pjproject\pjlib\build\output\pjlib-i386-win32-vc14-release-static\hash.sbr
c:\users\r.kokh\desktop\microsip-3.22.3-src\nanosip\pjproject\pjlib\build\output\pjlib-i386-win32-vc14-release-static\ioqueue_select.sbr
c:\users\r.kokh\desktop\microsip-3.22.3-src\nanosip\pjproject\pjlib\build\output\pjlib-i386-win32-vc14-release-static\ip_helper_win32.sbr
c:\users\r.kokh\desktop\microsip-3.22.3-src\nanosip\pjproject\pjlib\build\output\pjlib-i386-win32-vc14-release-static\list.sbr
c:\users\r.kokh\desktop\microsip-3.22.3-src\nanosip\pjproject\pjlib\build\output\pjlib-i386-win32-vc14-release-static\lock.sbr
c:\users\r.kokh\desktop\microsip-3.22.3-src\nanosip\pjproject\pjlib\build\output\pjlib-i386-win32-vc14-release-static\log.sbr
c:\users\r.kokh\desktop\microsip-3.22.3-src\nanosip\pjproject\pjlib\build\output\pjlib-i386-win32-vc14-release-static\log_writer_stdout.sbr
c:\users\r.kokh\desktop\microsip-3.22.3-src\nanosip\pjproject\pjlib\build\output\pjlib-i386-win32-vc14-release-static\os_core_win32.sbr
c:\users\r.kokh\desktop\microsip-3.22.3-src\nanosip\pjproject\pjlib\build\output\pjlib-i386-win32-vc14-release-static\os_core_win32.obj
c:\users\r.kokh\desktop\microsip-3.22.3-src\nanosip\pjproject\pjlib\build\output\pjlib-i386-win32-vc14-release-static\log_writer_stdout.obj
c:\users\r.kokh\desktop\microsip-3.22.3-src\nanosip\pjproject\pjlib\build\output\pjlib-i386-win32-vc14-release-static\log.obj
c:\users\r.kokh\desktop\microsip-3.22.3-src\nanosip\pjproject\pjlib\build\output\pjlib-i386-win32-vc14-release-static\lock.obj
c:\users\r.kokh\desktop\microsip-3.22.3-src\nanosip\pjproject\pjlib\build\output\pjlib-i386-win32-vc14-release-static\list.obj
c:\users\r.kokh\desktop\microsip-3.22.3-src\nanosip\pjproject\pjlib\build\output\pjlib-i386-win32-vc14-release-static\ip_helper_win32.obj
c:\users\r.kokh\desktop\microsip-3.22.3-src\nanosip\pjproject\pjlib\build\output\pjlib-i386-win32-vc14-release-static\ioqueue_select.obj
c:\users\r.kokh\desktop\microsip-3.22.3-src\nanosip\pjproject\pjlib\build\output\pjlib-i386-win32-vc14-release-static\hash.obj
c:\users\r.kokh\desktop\microsip-3.22.3-src\nanosip\pjproject\pjlib\build\output\pjlib-i386-win32-vc14-release-static\guid_win32.obj
c:\users\r.kokh\desktop\microsip-3.22.3-src\nanosip\pjproject\pjlib\build\output\pjlib-i386-win32-vc14-release-static\guid.obj
c:\users\r.kokh\desktop\microsip-3.22.3-src\nanosip\pjproject\pjlib\build\output\pjlib-i386-win32-vc14-release-static\file_io_win32.obj
c:\users\r.kokh\desktop\microsip-3.22.3-src\nanosip\pjproject\pjlib\build\output\pjlib-i386-win32-vc14-release-static\file_access_win32.obj
c:\users\r.kokh\desktop\microsip-3.22.3-src\nanosip\pjproject\pjlib\build\output\pjlib-i386-win32-vc14-release-static\fifobuf.obj
c:\users\r.kokh\desktop\microsip-3.22.3-src\nanosip\pjproject\pjlib\build\output\pjlib-i386-win32-vc14-release-static\except.obj
c:\users\r.kokh\desktop\microsip-3.22.3-src\nanosip\pjproject\pjlib\build\output\pjlib-i386-win32-vc14-release-static\errno.obj
c:\users\r.kokh\desktop\microsip-3.22.3-src\nanosip\pjproject\pjlib\build\output\pjlib-i386-win32-vc14-release-static\ctype.obj
c:\users\r.kokh\desktop\microsip-3.22.3-src\nanosip\pjproject\pjlib\build\output\pjlib-i386-win32-vc14-release-static\config.obj
c:\users\r.kokh\desktop\microsip-3.22.3-src\nanosip\pjproject\pjlib\build\output\pjlib-i386-win32-vc14-release-static\array.obj
c:\users\r.kokh\desktop\microsip-3.22.3-src\nanosip\pjproject\pjlib\build\output\pjlib-i386-win32-vc14-release-static\addr_resolv_sock.obj
c:\users\r.kokh\desktop\microsip-3.22.3-src\nanosip\pjproject\pjlib\build\output\pjlib-i386-win32-vc14-release-static\activesock.obj
c:\users\r.kokh\desktop\microsip-3.22.3-src\nanosip\pjproject\pjlib\build\output\pjlib-i386-win32-vc14-release-static\os_error_win32.sbr
c:\users\r.kokh\desktop\microsip-3.22.3-src\nanosip\pjproject\pjlib\build\output\pjlib-i386-win32-vc14-release-static\os_info.sbr
c:\users\r.kokh\desktop\microsip-3.22.3-src\nanosip\pjproject\pjlib\build\output\pjlib-i386-win32-vc14-release-static\os_timestamp_common.sbr
c:\users\r.kokh\desktop\microsip-3.22.3-src\nanosip\pjproject\pjlib\build\output\pjlib-i386-win32-vc14-release-static\os_timestamp_win32.sbr
c:\users\r.kokh\desktop\microsip-3.22.3-src\nanosip\pjproject\pjlib\build\output\pjlib-i386-win32-vc14-release-static\os_time_win32.sbr
c:\users\r.kokh\desktop\microsip-3.22.3-src\nanosip\pjproject\pjlib\build\output\pjlib-i386-win32-vc14-release-static\pool.sbr
c:\users\r.kokh\desktop\microsip-3.22.3-src\nanosip\pjproject\pjlib\build\output\pjlib-i386-win32-vc14-release-static\pool_buf.sbr
c:\users\r.kokh\desktop\microsip-3.22.3-src\nanosip\pjproject\pjlib\build\output\pjlib-i386-win32-vc14-release-static\pool_caching.sbr
c:\users\r.kokh\desktop\microsip-3.22.3-src\nanosip\pjproject\pjlib\build\output\pjlib-i386-win32-vc14-release-static\pool_dbg.sbr
c:\users\r.kokh\desktop\microsip-3.22.3-src\nanosip\pjproject\pjlib\build\output\pjlib-i386-win32-vc14-release-static\pool_policy_malloc.sbr
c:\users\r.kokh\desktop\microsip-3.22.3-src\nanosip\pjproject\pjlib\build\output\pjlib-i386-win32-vc14-release-static\rand.sbr
c:\users\r.kokh\desktop\microsip-3.22.3-src\nanosip\pjproject\pjlib\build\output\pjlib-i386-win32-vc14-release-static\rbtree.sbr
c:\users\r.kokh\desktop\microsip-3.22.3-src\nanosip\pjproject\pjlib\build\output\pjlib-i386-win32-vc14-release-static\sock_bsd.sbr
c:\users\r.kokh\desktop\microsip-3.22.3-src\nanosip\pjproject\pjlib\build\output\pjlib-i386-win32-vc14-release-static\sock_common.sbr
c:\users\r.kokh\desktop\microsip-3.22.3-src\nanosip\pjproject\pjlib\build\output\pjlib-i386-win32-vc14-release-static\sock_qos_bsd.sbr
c:\users\r.kokh\desktop\microsip-3.22.3-src\nanosip\pjproject\pjlib\build\output\pjlib-i386-win32-vc14-release-static\sock_qos_common.sbr
c:\users\r.kokh\desktop\microsip-3.22.3-src\nanosip\pjproject\pjlib\build\output\pjlib-i386-win32-vc14-release-static\sock_qos_dummy.sbr
c:\users\r.kokh\desktop\microsip-3.22.3-src\nanosip\pjproject\pjlib\build\output\pjlib-i386-win32-vc14-release-static\sock_qos_wm.sbr
c:\users\r.kokh\desktop\microsip-3.22.3-src\nanosip\pjproject\pjlib\build\output\pjlib-i386-win32-vc14-release-static\sock_select.sbr
c:\users\r.kokh\desktop\microsip-3.22.3-src\nanosip\pjproject\pjlib\build\output\pjlib-i386-win32-vc14-release-static\ssl_sock_common.sbr
c:\users\r.kokh\desktop\microsip-3.22.3-src\nanosip\pjproject\pjlib\build\output\pjlib-i386-win32-vc14-release-static\ssl_sock_common.obj
c:\users\r.kokh\desktop\microsip-3.22.3-src\nanosip\pjproject\pjlib\build\output\pjlib-i386-win32-vc14-release-static\sock_select.obj
c:\users\r.kokh\desktop\microsip-3.22.3-src\nanosip\pjproject\pjlib\build\output\pjlib-i386-win32-vc14-release-static\sock_qos_wm.obj
c:\users\r.kokh\desktop\microsip-3.22.3-src\nanosip\pjproject\pjlib\build\output\pjlib-i386-win32-vc14-release-static\sock_qos_dummy.obj
c:\users\r.kokh\desktop\microsip-3.22.3-src\nanosip\pjproject\pjlib\build\output\pjlib-i386-win32-vc14-release-static\sock_qos_common.obj
c:\users\r.kokh\desktop\microsip-3.22.3-src\nanosip\pjproject\pjlib\build\output\pjlib-i386-win32-vc14-release-static\sock_qos_bsd.obj
c:\users\r.kokh\desktop\microsip-3.22.3-src\nanosip\pjproject\pjlib\build\output\pjlib-i386-win32-vc14-release-static\sock_common.obj
c:\users\r.kokh\desktop\microsip-3.22.3-src\nanosip\pjproject\pjlib\build\output\pjlib-i386-win32-vc14-release-static\sock_bsd.obj
c:\users\r.kokh\desktop\microsip-3.22.3-src\nanosip\pjproject\pjlib\build\output\pjlib-i386-win32-vc14-release-static\rbtree.obj
c:\users\r.kokh\desktop\microsip-3.22.3-src\nanosip\pjproject\pjlib\build\output\pjlib-i386-win32-vc14-release-static\rand.obj
c:\users\r.kokh\desktop\microsip-3.22.3-src\nanosip\pjproject\pjlib\build\output\pjlib-i386-win32-vc14-release-static\pool_policy_malloc.obj
c:\users\r.kokh\desktop\microsip-3.22.3-src\nanosip\pjproject\pjlib\build\output\pjlib-i386-win32-vc14-release-static\pool_dbg.obj
c:\users\r.kokh\desktop\microsip-3.22.3-src\nanosip\pjproject\pjlib\build\output\pjlib-i386-win32-vc14-release-static\pool_caching.obj
c:\users\r.kokh\desktop\microsip-3.22.3-src\nanosip\pjproject\pjlib\build\output\pjlib-i386-win32-vc14-release-static\pool_buf.obj
c:\users\r.kokh\desktop\microsip-3.22.3-src\nanosip\pjproject\pjlib\build\output\pjlib-i386-win32-vc14-release-static\pool.obj
c:\users\r.kokh\desktop\microsip-3.22.3-src\nanosip\pjproject\pjlib\build\output\pjlib-i386-win32-vc14-release-static\os_time_win32.obj
c:\users\r.kokh\desktop\microsip-3.22.3-src\nanosip\pjproject\pjlib\build\output\pjlib-i386-win32-vc14-release-static\os_timestamp_win32.obj
c:\users\r.kokh\desktop\microsip-3.22.3-src\nanosip\pjproject\pjlib\build\output\pjlib-i386-win32-vc14-release-static\os_timestamp_common.obj
c:\users\r.kokh\desktop\microsip-3.22.3-src\nanosip\pjproject\pjlib\build\output\pjlib-i386-win32-vc14-release-static\os_info.obj
c:\users\r.kokh\desktop\microsip-3.22.3-src\nanosip\pjproject\pjlib\build\output\pjlib-i386-win32-vc14-release-static\os_error_win32.obj
c:\users\r.kokh\desktop\microsip-3.22.3-src\nanosip\pjproject\pjlib\build\output\pjlib-i386-win32-vc14-release-static\ssl_sock_dump.sbr
c:\users\r.kokh\desktop\microsip-3.22.3-src\nanosip\pjproject\pjlib\build\output\pjlib-i386-win32-vc14-release-static\ssl_sock_ossl.sbr
c:\users\r.kokh\desktop\microsip-3.22.3-src\nanosip\pjproject\pjlib\build\output\pjlib-i386-win32-vc14-release-static\ssl_sock_gtls.sbr
c:\users\r.kokh\desktop\microsip-3.22.3-src\nanosip\pjproject\pjlib\build\output\pjlib-i386-win32-vc14-release-static\string.sbr
c:\users\r.kokh\desktop\microsip-3.22.3-src\nanosip\pjproject\pjlib\build\output\pjlib-i386-win32-vc14-release-static\timer.sbr
c:\users\r.kokh\desktop\microsip-3.22.3-src\nanosip\pjproject\pjlib\build\output\pjlib-i386-win32-vc14-release-static\types.sbr
c:\users\r.kokh\desktop\microsip-3.22.3-src\nanosip\pjproject\pjlib\build\output\pjlib-i386-win32-vc14-release-static\unicode_win32.sbr
c:\users\r.kokh\desktop\microsip-3.22.3-src\nanosip\pjproject\pjlib\build\output\pjlib-i386-win32-vc14-release-static\unicode_win32.obj
c:\users\r.kokh\desktop\microsip-3.22.3-src\nanosip\pjproject\pjlib\build\output\pjlib-i386-win32-vc14-release-static\types.obj
c:\users\r.kokh\desktop\microsip-3.22.3-src\nanosip\pjproject\pjlib\build\output\pjlib-i386-win32-vc14-release-static\timer.obj
c:\users\r.kokh\desktop\microsip-3.22.3-src\nanosip\pjproject\pjlib\build\output\pjlib-i386-win32-vc14-release-static\string.obj
c:\users\r.kokh\desktop\microsip-3.22.3-src\nanosip\pjproject\pjlib\build\output\pjlib-i386-win32-vc14-release-static\ssl_sock_gtls.obj
c:\users\r.kokh\desktop\microsip-3.22.3-src\nanosip\pjproject\pjlib\build\output\pjlib-i386-win32-vc14-release-static\ssl_sock_ossl.obj
c:\users\r.kokh\desktop\microsip-3.22.3-src\nanosip\pjproject\pjlib\build\output\pjlib-i386-win32-vc14-release-static\ssl_sock_dump.obj
c:\users\r.kokh\desktop\microsip-3.22.3-src\nanosip\pjproject\pjlib\lib\pjlib-i386-win32-vc14-release-static.lib
c:\users\r.kokh\desktop\microsip-3.22.3-src\nanosip\pjproject\pjlib\build\output\pjlib-i386-win32-vc14-release-static\pjlib.tlog\bscmake.command.1.tlog
c:\users\r.kokh\desktop\microsip-3.22.3-src\nanosip\pjproject\pjlib\build\output\pjlib-i386-win32-vc14-release-static\pjlib.tlog\bscmake.read.1.tlog
c:\users\r.kokh\desktop\microsip-3.22.3-src\nanosip\pjproject\pjlib\build\output\pjlib-i386-win32-vc14-release-static\pjlib.tlog\bscmake.write.1.tlog
c:\users\r.kokh\desktop\microsip-3.22.3-src\nanosip\pjproject\pjlib\build\output\pjlib-i386-win32-vc14-release-static\pjlib.tlog\cl.command.1.tlog
c:\users\r.kokh\desktop\microsip-3.22.3-src\nanosip\pjproject\pjlib\build\output\pjlib-i386-win32-vc14-release-static\pjlib.tlog\cl.items.tlog
c:\users\r.kokh\desktop\microsip-3.22.3-src\nanosip\pjproject\pjlib\build\output\pjlib-i386-win32-vc14-release-static\pjlib.tlog\cl.read.1.tlog
c:\users\r.kokh\desktop\microsip-3.22.3-src\nanosip\pjproject\pjlib\build\output\pjlib-i386-win32-vc14-release-static\pjlib.tlog\cl.write.1.tlog
c:\users\r.kokh\desktop\microsip-3.22.3-src\nanosip\pjproject\pjlib\build\output\pjlib-i386-win32-vc14-release-static\pjlib.tlog\lib-link.write.1.tlog
c:\users\r.kokh\desktop\microsip-3.22.3-src\nanosip\pjproject\pjlib\build\output\pjlib-i386-win32-vc14-release-static\pjlib.tlog\lib.command.1.tlog
c:\users\r.kokh\desktop\microsip-3.22.3-src\nanosip\pjproject\pjlib\build\output\pjlib-i386-win32-vc14-release-static\pjlib.tlog\lib.read.1.tlog
