c:\users\r.kokh\desktop\pjsip\lib\pjsip-core-i386-win32-vc14-release-static.bsc
c:\users\r.kokh\desktop\microsip-3.22.3-src\nanosip\pjproject\pjsip\lib\pjsip-core-i386-win32-vc14-release-static.bsc
c:\users\r.kokh\desktop\microsip-3.22.3-src\nanosip\pjproject\pjsip\lib\pjsip-core-i386-win32-vc14-release-static.pdb
c:\users\r.kokh\desktop\microsip-3.22.3-src\nanosip\pjproject\pjsip\build\output\pjsip_core-i386-win32-vc14-release-static\sip_auth_aka.sbr
c:\users\r.kokh\desktop\microsip-3.22.3-src\nanosip\pjproject\pjsip\build\output\pjsip_core-i386-win32-vc14-release-static\sip_auth_client.sbr
c:\users\r.kokh\desktop\microsip-3.22.3-src\nanosip\pjproject\pjsip\build\output\pjsip_core-i386-win32-vc14-release-static\sip_auth_msg.sbr
c:\users\r.kokh\desktop\microsip-3.22.3-src\nanosip\pjproject\pjsip\build\output\pjsip_core-i386-win32-vc14-release-static\sip_auth_parser.sbr
c:\users\r.kokh\desktop\microsip-3.22.3-src\nanosip\pjproject\pjsip\build\output\pjsip_core-i386-win32-vc14-release-static\sip_auth_server.sbr
c:\users\r.kokh\desktop\microsip-3.22.3-src\nanosip\pjproject\pjsip\build\output\pjsip_core-i386-win32-vc14-release-static\sip_config.sbr
c:\users\r.kokh\desktop\microsip-3.22.3-src\nanosip\pjproject\pjsip\build\output\pjsip_core-i386-win32-vc14-release-static\sip_dialog.sbr
c:\users\r.kokh\desktop\microsip-3.22.3-src\nanosip\pjproject\pjsip\build\output\pjsip_core-i386-win32-vc14-release-static\sip_endpoint.sbr
c:\users\r.kokh\desktop\microsip-3.22.3-src\nanosip\pjproject\pjsip\build\output\pjsip_core-i386-win32-vc14-release-static\sip_errno.sbr
c:\users\r.kokh\desktop\microsip-3.22.3-src\nanosip\pjproject\pjsip\build\output\pjsip_core-i386-win32-vc14-release-static\sip_msg.sbr
c:\users\r.kokh\desktop\microsip-3.22.3-src\nanosip\pjproject\pjsip\build\output\pjsip_core-i386-win32-vc14-release-static\sip_multipart.sbr
c:\users\r.kokh\desktop\microsip-3.22.3-src\nanosip\pjproject\pjsip\build\output\pjsip_core-i386-win32-vc14-release-static\sip_parser.sbr
c:\users\r.kokh\desktop\microsip-3.22.3-src\nanosip\pjproject\pjsip\build\output\pjsip_core-i386-win32-vc14-release-static\sip_resolve.sbr
c:\users\r.kokh\desktop\microsip-3.22.3-src\nanosip\pjproject\pjsip\build\output\pjsip_core-i386-win32-vc14-release-static\sip_tel_uri.sbr
c:\users\r.kokh\desktop\microsip-3.22.3-src\nanosip\pjproject\pjsip\build\output\pjsip_core-i386-win32-vc14-release-static\sip_transaction.sbr
c:\users\r.kokh\desktop\microsip-3.22.3-src\nanosip\pjproject\pjsip\build\output\pjsip_core-i386-win32-vc14-release-static\sip_transport.sbr
c:\users\r.kokh\desktop\microsip-3.22.3-src\nanosip\pjproject\pjsip\build\output\pjsip_core-i386-win32-vc14-release-static\sip_transport_loop.sbr
c:\users\r.kokh\desktop\microsip-3.22.3-src\nanosip\pjproject\pjsip\build\output\pjsip_core-i386-win32-vc14-release-static\sip_transport_tcp.sbr
c:\users\r.kokh\desktop\microsip-3.22.3-src\nanosip\pjproject\pjsip\build\output\pjsip_core-i386-win32-vc14-release-static\sip_transport_tls.sbr
c:\users\r.kokh\desktop\microsip-3.22.3-src\nanosip\pjproject\pjsip\build\output\pjsip_core-i386-win32-vc14-release-static\sip_transport_udp.sbr
c:\users\r.kokh\desktop\microsip-3.22.3-src\nanosip\pjproject\pjsip\build\output\pjsip_core-i386-win32-vc14-release-static\sip_transport_udp.obj
c:\users\r.kokh\desktop\microsip-3.22.3-src\nanosip\pjproject\pjsip\build\output\pjsip_core-i386-win32-vc14-release-static\sip_transport_tls.obj
c:\users\r.kokh\desktop\microsip-3.22.3-src\nanosip\pjproject\pjsip\build\output\pjsip_core-i386-win32-vc14-release-static\sip_transport_tcp.obj
c:\users\r.kokh\desktop\microsip-3.22.3-src\nanosip\pjproject\pjsip\build\output\pjsip_core-i386-win32-vc14-release-static\sip_transport_loop.obj
c:\users\r.kokh\desktop\microsip-3.22.3-src\nanosip\pjproject\pjsip\build\output\pjsip_core-i386-win32-vc14-release-static\sip_transport.obj
c:\users\r.kokh\desktop\microsip-3.22.3-src\nanosip\pjproject\pjsip\build\output\pjsip_core-i386-win32-vc14-release-static\sip_transaction.obj
c:\users\r.kokh\desktop\microsip-3.22.3-src\nanosip\pjproject\pjsip\build\output\pjsip_core-i386-win32-vc14-release-static\sip_tel_uri.obj
c:\users\r.kokh\desktop\microsip-3.22.3-src\nanosip\pjproject\pjsip\build\output\pjsip_core-i386-win32-vc14-release-static\sip_resolve.obj
c:\users\r.kokh\desktop\microsip-3.22.3-src\nanosip\pjproject\pjsip\build\output\pjsip_core-i386-win32-vc14-release-static\sip_parser.obj
c:\users\r.kokh\desktop\microsip-3.22.3-src\nanosip\pjproject\pjsip\build\output\pjsip_core-i386-win32-vc14-release-static\sip_multipart.obj
c:\users\r.kokh\desktop\microsip-3.22.3-src\nanosip\pjproject\pjsip\build\output\pjsip_core-i386-win32-vc14-release-static\sip_msg.obj
c:\users\r.kokh\desktop\microsip-3.22.3-src\nanosip\pjproject\pjsip\build\output\pjsip_core-i386-win32-vc14-release-static\sip_errno.obj
c:\users\r.kokh\desktop\microsip-3.22.3-src\nanosip\pjproject\pjsip\build\output\pjsip_core-i386-win32-vc14-release-static\sip_endpoint.obj
c:\users\r.kokh\desktop\microsip-3.22.3-src\nanosip\pjproject\pjsip\build\output\pjsip_core-i386-win32-vc14-release-static\sip_dialog.obj
c:\users\r.kokh\desktop\microsip-3.22.3-src\nanosip\pjproject\pjsip\build\output\pjsip_core-i386-win32-vc14-release-static\sip_config.obj
c:\users\r.kokh\desktop\microsip-3.22.3-src\nanosip\pjproject\pjsip\build\output\pjsip_core-i386-win32-vc14-release-static\sip_auth_server.obj
c:\users\r.kokh\desktop\microsip-3.22.3-src\nanosip\pjproject\pjsip\build\output\pjsip_core-i386-win32-vc14-release-static\sip_auth_parser.obj
c:\users\r.kokh\desktop\microsip-3.22.3-src\nanosip\pjproject\pjsip\build\output\pjsip_core-i386-win32-vc14-release-static\sip_auth_msg.obj
c:\users\r.kokh\desktop\microsip-3.22.3-src\nanosip\pjproject\pjsip\build\output\pjsip_core-i386-win32-vc14-release-static\sip_auth_client.obj
c:\users\r.kokh\desktop\microsip-3.22.3-src\nanosip\pjproject\pjsip\build\output\pjsip_core-i386-win32-vc14-release-static\sip_auth_aka.obj
c:\users\r.kokh\desktop\microsip-3.22.3-src\nanosip\pjproject\pjsip\build\output\pjsip_core-i386-win32-vc14-release-static\sip_ua_layer.sbr
c:\users\r.kokh\desktop\microsip-3.22.3-src\nanosip\pjproject\pjsip\build\output\pjsip_core-i386-win32-vc14-release-static\sip_uri.sbr
c:\users\r.kokh\desktop\microsip-3.22.3-src\nanosip\pjproject\pjsip\build\output\pjsip_core-i386-win32-vc14-release-static\sip_util.sbr
c:\users\r.kokh\desktop\microsip-3.22.3-src\nanosip\pjproject\pjsip\build\output\pjsip_core-i386-win32-vc14-release-static\sip_util_proxy.sbr
c:\users\r.kokh\desktop\microsip-3.22.3-src\nanosip\pjproject\pjsip\build\output\pjsip_core-i386-win32-vc14-release-static\sip_util_statefull.sbr
c:\users\r.kokh\desktop\microsip-3.22.3-src\nanosip\pjproject\pjsip\build\output\pjsip_core-i386-win32-vc14-release-static\sip_util_statefull.obj
c:\users\r.kokh\desktop\microsip-3.22.3-src\nanosip\pjproject\pjsip\build\output\pjsip_core-i386-win32-vc14-release-static\sip_util_proxy.obj
c:\users\r.kokh\desktop\microsip-3.22.3-src\nanosip\pjproject\pjsip\build\output\pjsip_core-i386-win32-vc14-release-static\sip_util.obj
c:\users\r.kokh\desktop\microsip-3.22.3-src\nanosip\pjproject\pjsip\build\output\pjsip_core-i386-win32-vc14-release-static\sip_uri.obj
c:\users\r.kokh\desktop\microsip-3.22.3-src\nanosip\pjproject\pjsip\build\output\pjsip_core-i386-win32-vc14-release-static\sip_ua_layer.obj
c:\users\r.kokh\desktop\microsip-3.22.3-src\nanosip\pjproject\pjsip\lib\pjsip-core-i386-win32-vc14-release-static.lib
c:\users\r.kokh\desktop\microsip-3.22.3-src\nanosip\pjproject\pjsip\build\output\pjsip_core-i386-win32-vc14-release-static\pjsip_core.tlog\bscmake.command.1.tlog
c:\users\r.kokh\desktop\microsip-3.22.3-src\nanosip\pjproject\pjsip\build\output\pjsip_core-i386-win32-vc14-release-static\pjsip_core.tlog\bscmake.read.1.tlog
c:\users\r.kokh\desktop\microsip-3.22.3-src\nanosip\pjproject\pjsip\build\output\pjsip_core-i386-win32-vc14-release-static\pjsip_core.tlog\bscmake.write.1.tlog
c:\users\r.kokh\desktop\microsip-3.22.3-src\nanosip\pjproject\pjsip\build\output\pjsip_core-i386-win32-vc14-release-static\pjsip_core.tlog\cl.command.1.tlog
c:\users\r.kokh\desktop\microsip-3.22.3-src\nanosip\pjproject\pjsip\build\output\pjsip_core-i386-win32-vc14-release-static\pjsip_core.tlog\cl.items.tlog
c:\users\r.kokh\desktop\microsip-3.22.3-src\nanosip\pjproject\pjsip\build\output\pjsip_core-i386-win32-vc14-release-static\pjsip_core.tlog\cl.read.1.tlog
c:\users\r.kokh\desktop\microsip-3.22.3-src\nanosip\pjproject\pjsip\build\output\pjsip_core-i386-win32-vc14-release-static\pjsip_core.tlog\cl.write.1.tlog
c:\users\r.kokh\desktop\microsip-3.22.3-src\nanosip\pjproject\pjsip\build\output\pjsip_core-i386-win32-vc14-release-static\pjsip_core.tlog\lib-link.write.1.tlog
c:\users\r.kokh\desktop\microsip-3.22.3-src\nanosip\pjproject\pjsip\build\output\pjsip_core-i386-win32-vc14-release-static\pjsip_core.tlog\lib.command.1.tlog
c:\users\r.kokh\desktop\microsip-3.22.3-src\nanosip\pjproject\pjsip\build\output\pjsip_core-i386-win32-vc14-release-static\pjsip_core.tlog\lib.read.1.tlog
