c:\users\r.kokh\desktop\pjmedia\lib\pjmedia-audiodev-i386-win32-vc14-release-static.bsc
c:\users\r.kokh\desktop\microsip-3.22.3-src\nanosip\pjproject\pjmedia\lib\pjmedia-audiodev-i386-win32-vc14-release-static.bsc
c:\users\r.kokh\desktop\microsip-3.22.3-src\nanosip\pjproject\pjmedia\lib\pjmedia-audiodev-i386-win32-vc14-release-static.pdb
c:\users\r.kokh\desktop\microsip-3.22.3-src\nanosip\pjproject\pjmedia\build\output\pjmedia_audiodev-i386-win32-vc14-release-static\audiodev.sbr
c:\users\r.kokh\desktop\microsip-3.22.3-src\nanosip\pjproject\pjmedia\build\output\pjmedia_audiodev-i386-win32-vc14-release-static\audiotest.sbr
c:\users\r.kokh\desktop\microsip-3.22.3-src\nanosip\pjproject\pjmedia\build\output\pjmedia_audiodev-i386-win32-vc14-release-static\bdimad_dev.sbr
c:\users\r.kokh\desktop\microsip-3.22.3-src\nanosip\pjproject\pjmedia\build\output\pjmedia_audiodev-i386-win32-vc14-release-static\errno.sbr
c:\users\r.kokh\desktop\microsip-3.22.3-src\nanosip\pjproject\pjmedia\build\output\pjmedia_audiodev-i386-win32-vc14-release-static\legacy_dev.sbr
c:\users\r.kokh\desktop\microsip-3.22.3-src\nanosip\pjproject\pjmedia\build\output\pjmedia_audiodev-i386-win32-vc14-release-static\null_dev.sbr
c:\users\r.kokh\desktop\microsip-3.22.3-src\nanosip\pjproject\pjmedia\build\output\pjmedia_audiodev-i386-win32-vc14-release-static\pa_dev.sbr
c:\users\r.kokh\desktop\microsip-3.22.3-src\nanosip\pjproject\pjmedia\build\output\pjmedia_audiodev-i386-win32-vc14-release-static\wmme_dev.sbr
c:\users\r.kokh\desktop\microsip-3.22.3-src\nanosip\pjproject\pjmedia\build\output\pjmedia_audiodev-i386-win32-vc14-release-static\wmme_dev.obj
c:\users\r.kokh\desktop\microsip-3.22.3-src\nanosip\pjproject\pjmedia\build\output\pjmedia_audiodev-i386-win32-vc14-release-static\pa_dev.obj
c:\users\r.kokh\desktop\microsip-3.22.3-src\nanosip\pjproject\pjmedia\build\output\pjmedia_audiodev-i386-win32-vc14-release-static\null_dev.obj
c:\users\r.kokh\desktop\microsip-3.22.3-src\nanosip\pjproject\pjmedia\build\output\pjmedia_audiodev-i386-win32-vc14-release-static\legacy_dev.obj
c:\users\r.kokh\desktop\microsip-3.22.3-src\nanosip\pjproject\pjmedia\build\output\pjmedia_audiodev-i386-win32-vc14-release-static\errno.obj
c:\users\r.kokh\desktop\microsip-3.22.3-src\nanosip\pjproject\pjmedia\build\output\pjmedia_audiodev-i386-win32-vc14-release-static\bdimad_dev.obj
c:\users\r.kokh\desktop\microsip-3.22.3-src\nanosip\pjproject\pjmedia\build\output\pjmedia_audiodev-i386-win32-vc14-release-static\audiotest.obj
c:\users\r.kokh\desktop\microsip-3.22.3-src\nanosip\pjproject\pjmedia\build\output\pjmedia_audiodev-i386-win32-vc14-release-static\audiodev.obj
c:\users\r.kokh\desktop\microsip-3.22.3-src\nanosip\pjproject\pjmedia\lib\pjmedia-audiodev-i386-win32-vc14-release-static.lib
c:\users\r.kokh\desktop\microsip-3.22.3-src\nanosip\pjproject\pjmedia\build\output\pjmedia_audiodev-i386-win32-vc14-release-static\pjmedia_audiodev.tlog\bscmake.command.1.tlog
c:\users\r.kokh\desktop\microsip-3.22.3-src\nanosip\pjproject\pjmedia\build\output\pjmedia_audiodev-i386-win32-vc14-release-static\pjmedia_audiodev.tlog\bscmake.read.1.tlog
c:\users\r.kokh\desktop\microsip-3.22.3-src\nanosip\pjproject\pjmedia\build\output\pjmedia_audiodev-i386-win32-vc14-release-static\pjmedia_audiodev.tlog\bscmake.write.1.tlog
c:\users\r.kokh\desktop\microsip-3.22.3-src\nanosip\pjproject\pjmedia\build\output\pjmedia_audiodev-i386-win32-vc14-release-static\pjmedia_audiodev.tlog\cl.command.1.tlog
c:\users\r.kokh\desktop\microsip-3.22.3-src\nanosip\pjproject\pjmedia\build\output\pjmedia_audiodev-i386-win32-vc14-release-static\pjmedia_audiodev.tlog\cl.items.tlog
c:\users\r.kokh\desktop\microsip-3.22.3-src\nanosip\pjproject\pjmedia\build\output\pjmedia_audiodev-i386-win32-vc14-release-static\pjmedia_audiodev.tlog\cl.read.1.tlog
c:\users\r.kokh\desktop\microsip-3.22.3-src\nanosip\pjproject\pjmedia\build\output\pjmedia_audiodev-i386-win32-vc14-release-static\pjmedia_audiodev.tlog\cl.write.1.tlog
c:\users\r.kokh\desktop\microsip-3.22.3-src\nanosip\pjproject\pjmedia\build\output\pjmedia_audiodev-i386-win32-vc14-release-static\pjmedia_audiodev.tlog\lib-link.write.1.tlog
c:\users\r.kokh\desktop\microsip-3.22.3-src\nanosip\pjproject\pjmedia\build\output\pjmedia_audiodev-i386-win32-vc14-release-static\pjmedia_audiodev.tlog\lib.command.1.tlog
c:\users\r.kokh\desktop\microsip-3.22.3-src\nanosip\pjproject\pjmedia\build\output\pjmedia_audiodev-i386-win32-vc14-release-static\pjmedia_audiodev.tlog\lib.read.1.tlog
