c:\users\r.kokh\desktop\pjsip\lib\pjsua2-lib-i386-win32-vc14-release-static.bsc
c:\users\r.kokh\desktop\microsip-3.22.3-src\nanosip\pjproject\pjsip\lib\pjsua2-lib-i386-win32-vc14-release-static.bsc
c:\users\r.kokh\desktop\microsip-3.22.3-src\nanosip\pjproject\pjsip\lib\pjsua2-lib-i386-win32-vc14-release-static.pdb
c:\users\r.kokh\desktop\microsip-3.22.3-src\nanosip\pjproject\pjsip\build\output\pjsua2_lib-i386-win32-vc14-release-static\account.sbr
c:\users\r.kokh\desktop\microsip-3.22.3-src\nanosip\pjproject\pjsip\build\output\pjsua2_lib-i386-win32-vc14-release-static\call.sbr
c:\users\r.kokh\desktop\microsip-3.22.3-src\nanosip\pjproject\pjsip\build\output\pjsua2_lib-i386-win32-vc14-release-static\endpoint.sbr
c:\users\r.kokh\desktop\microsip-3.22.3-src\nanosip\pjproject\pjsip\build\output\pjsua2_lib-i386-win32-vc14-release-static\json.sbr
c:\users\r.kokh\desktop\microsip-3.22.3-src\nanosip\pjproject\pjsip\build\output\pjsua2_lib-i386-win32-vc14-release-static\media.sbr
c:\users\r.kokh\desktop\microsip-3.22.3-src\nanosip\pjproject\pjsip\build\output\pjsua2_lib-i386-win32-vc14-release-static\persistent.sbr
c:\users\r.kokh\desktop\microsip-3.22.3-src\nanosip\pjproject\pjsip\build\output\pjsua2_lib-i386-win32-vc14-release-static\presence.sbr
c:\users\r.kokh\desktop\microsip-3.22.3-src\nanosip\pjproject\pjsip\build\output\pjsua2_lib-i386-win32-vc14-release-static\siptypes.sbr
c:\users\r.kokh\desktop\microsip-3.22.3-src\nanosip\pjproject\pjsip\build\output\pjsua2_lib-i386-win32-vc14-release-static\types.sbr
c:\users\r.kokh\desktop\microsip-3.22.3-src\nanosip\pjproject\pjsip\build\output\pjsua2_lib-i386-win32-vc14-release-static\types.obj
c:\users\r.kokh\desktop\microsip-3.22.3-src\nanosip\pjproject\pjsip\build\output\pjsua2_lib-i386-win32-vc14-release-static\siptypes.obj
c:\users\r.kokh\desktop\microsip-3.22.3-src\nanosip\pjproject\pjsip\build\output\pjsua2_lib-i386-win32-vc14-release-static\presence.obj
c:\users\r.kokh\desktop\microsip-3.22.3-src\nanosip\pjproject\pjsip\build\output\pjsua2_lib-i386-win32-vc14-release-static\persistent.obj
c:\users\r.kokh\desktop\microsip-3.22.3-src\nanosip\pjproject\pjsip\build\output\pjsua2_lib-i386-win32-vc14-release-static\media.obj
c:\users\r.kokh\desktop\microsip-3.22.3-src\nanosip\pjproject\pjsip\build\output\pjsua2_lib-i386-win32-vc14-release-static\json.obj
c:\users\r.kokh\desktop\microsip-3.22.3-src\nanosip\pjproject\pjsip\build\output\pjsua2_lib-i386-win32-vc14-release-static\endpoint.obj
c:\users\r.kokh\desktop\microsip-3.22.3-src\nanosip\pjproject\pjsip\build\output\pjsua2_lib-i386-win32-vc14-release-static\call.obj
c:\users\r.kokh\desktop\microsip-3.22.3-src\nanosip\pjproject\pjsip\build\output\pjsua2_lib-i386-win32-vc14-release-static\account.obj
c:\users\r.kokh\desktop\microsip-3.22.3-src\nanosip\pjproject\pjsip\lib\pjsua2-lib-i386-win32-vc14-release-static.lib
c:\users\r.kokh\desktop\microsip-3.22.3-src\nanosip\pjproject\pjsip\build\output\pjsua2_lib-i386-win32-vc14-release-static\pjsua2_lib.tlog\bscmake.command.1.tlog
c:\users\r.kokh\desktop\microsip-3.22.3-src\nanosip\pjproject\pjsip\build\output\pjsua2_lib-i386-win32-vc14-release-static\pjsua2_lib.tlog\bscmake.read.1.tlog
c:\users\r.kokh\desktop\microsip-3.22.3-src\nanosip\pjproject\pjsip\build\output\pjsua2_lib-i386-win32-vc14-release-static\pjsua2_lib.tlog\bscmake.write.1.tlog
c:\users\r.kokh\desktop\microsip-3.22.3-src\nanosip\pjproject\pjsip\build\output\pjsua2_lib-i386-win32-vc14-release-static\pjsua2_lib.tlog\cl.command.1.tlog
c:\users\r.kokh\desktop\microsip-3.22.3-src\nanosip\pjproject\pjsip\build\output\pjsua2_lib-i386-win32-vc14-release-static\pjsua2_lib.tlog\cl.items.tlog
c:\users\r.kokh\desktop\microsip-3.22.3-src\nanosip\pjproject\pjsip\build\output\pjsua2_lib-i386-win32-vc14-release-static\pjsua2_lib.tlog\cl.read.1.tlog
c:\users\r.kokh\desktop\microsip-3.22.3-src\nanosip\pjproject\pjsip\build\output\pjsua2_lib-i386-win32-vc14-release-static\pjsua2_lib.tlog\cl.write.1.tlog
c:\users\r.kokh\desktop\microsip-3.22.3-src\nanosip\pjproject\pjsip\build\output\pjsua2_lib-i386-win32-vc14-release-static\pjsua2_lib.tlog\lib-link.write.1.tlog
c:\users\r.kokh\desktop\microsip-3.22.3-src\nanosip\pjproject\pjsip\build\output\pjsua2_lib-i386-win32-vc14-release-static\pjsua2_lib.tlog\lib.command.1.tlog
c:\users\r.kokh\desktop\microsip-3.22.3-src\nanosip\pjproject\pjsip\build\output\pjsua2_lib-i386-win32-vc14-release-static\pjsua2_lib.tlog\lib.read.1.tlog
