c:\users\r.kokh\desktop\third_party\lib\libspeex-i386-win32-vc14-release-static.bsc
c:\users\r.kokh\desktop\microsip-3.22.3-src\nanosip\pjproject\third_party\lib\libspeex-i386-win32-vc14-release-static.bsc
c:\users\r.kokh\desktop\microsip-3.22.3-src\nanosip\pjproject\third_party\lib\libspeex-i386-win32-vc14-release-static.pdb
c:\users\r.kokh\desktop\microsip-3.22.3-src\nanosip\pjproject\third_party\build\speex\output\libspeex-i386-win32-vc14-release-static\bits.sbr
c:\users\r.kokh\desktop\microsip-3.22.3-src\nanosip\pjproject\third_party\build\speex\output\libspeex-i386-win32-vc14-release-static\cb_search.sbr
c:\users\r.kokh\desktop\microsip-3.22.3-src\nanosip\pjproject\third_party\build\speex\output\libspeex-i386-win32-vc14-release-static\exc_10_16_table.sbr
c:\users\r.kokh\desktop\microsip-3.22.3-src\nanosip\pjproject\third_party\build\speex\output\libspeex-i386-win32-vc14-release-static\exc_10_32_table.sbr
c:\users\r.kokh\desktop\microsip-3.22.3-src\nanosip\pjproject\third_party\build\speex\output\libspeex-i386-win32-vc14-release-static\exc_20_32_table.sbr
c:\users\r.kokh\desktop\microsip-3.22.3-src\nanosip\pjproject\third_party\build\speex\output\libspeex-i386-win32-vc14-release-static\exc_5_256_table.sbr
c:\users\r.kokh\desktop\microsip-3.22.3-src\nanosip\pjproject\third_party\build\speex\output\libspeex-i386-win32-vc14-release-static\exc_5_64_table.sbr
c:\users\r.kokh\desktop\microsip-3.22.3-src\nanosip\pjproject\third_party\build\speex\output\libspeex-i386-win32-vc14-release-static\exc_8_128_table.sbr
c:\users\r.kokh\desktop\microsip-3.22.3-src\nanosip\pjproject\third_party\build\speex\output\libspeex-i386-win32-vc14-release-static\fftwrap.sbr
c:\users\r.kokh\desktop\microsip-3.22.3-src\nanosip\pjproject\third_party\build\speex\output\libspeex-i386-win32-vc14-release-static\filterbank.sbr
c:\users\r.kokh\desktop\microsip-3.22.3-src\nanosip\pjproject\third_party\build\speex\output\libspeex-i386-win32-vc14-release-static\filters.sbr
c:\users\r.kokh\desktop\microsip-3.22.3-src\nanosip\pjproject\third_party\build\speex\output\libspeex-i386-win32-vc14-release-static\gain_table.sbr
c:\users\r.kokh\desktop\microsip-3.22.3-src\nanosip\pjproject\third_party\build\speex\output\libspeex-i386-win32-vc14-release-static\gain_table_lbr.sbr
c:\users\r.kokh\desktop\microsip-3.22.3-src\nanosip\pjproject\third_party\build\speex\output\libspeex-i386-win32-vc14-release-static\hexc_10_32_table.sbr
c:\users\r.kokh\desktop\microsip-3.22.3-src\nanosip\pjproject\third_party\build\speex\output\libspeex-i386-win32-vc14-release-static\hexc_table.sbr
c:\users\r.kokh\desktop\microsip-3.22.3-src\nanosip\pjproject\third_party\build\speex\output\libspeex-i386-win32-vc14-release-static\high_lsp_tables.sbr
c:\users\r.kokh\desktop\microsip-3.22.3-src\nanosip\pjproject\third_party\build\speex\output\libspeex-i386-win32-vc14-release-static\kiss_fft.sbr
c:\users\r.kokh\desktop\microsip-3.22.3-src\nanosip\pjproject\third_party\build\speex\output\libspeex-i386-win32-vc14-release-static\kiss_fftr.sbr
c:\users\r.kokh\desktop\microsip-3.22.3-src\nanosip\pjproject\third_party\build\speex\output\libspeex-i386-win32-vc14-release-static\lpc.sbr
c:\users\r.kokh\desktop\microsip-3.22.3-src\nanosip\pjproject\third_party\build\speex\output\libspeex-i386-win32-vc14-release-static\lsp.sbr
c:\users\r.kokh\desktop\microsip-3.22.3-src\nanosip\pjproject\third_party\build\speex\output\libspeex-i386-win32-vc14-release-static\lsp.obj
c:\users\r.kokh\desktop\microsip-3.22.3-src\nanosip\pjproject\third_party\build\speex\output\libspeex-i386-win32-vc14-release-static\lpc.obj
c:\users\r.kokh\desktop\microsip-3.22.3-src\nanosip\pjproject\third_party\build\speex\output\libspeex-i386-win32-vc14-release-static\kiss_fftr.obj
c:\users\r.kokh\desktop\microsip-3.22.3-src\nanosip\pjproject\third_party\build\speex\output\libspeex-i386-win32-vc14-release-static\kiss_fft.obj
c:\users\r.kokh\desktop\microsip-3.22.3-src\nanosip\pjproject\third_party\build\speex\output\libspeex-i386-win32-vc14-release-static\high_lsp_tables.obj
c:\users\r.kokh\desktop\microsip-3.22.3-src\nanosip\pjproject\third_party\build\speex\output\libspeex-i386-win32-vc14-release-static\hexc_table.obj
c:\users\r.kokh\desktop\microsip-3.22.3-src\nanosip\pjproject\third_party\build\speex\output\libspeex-i386-win32-vc14-release-static\hexc_10_32_table.obj
c:\users\r.kokh\desktop\microsip-3.22.3-src\nanosip\pjproject\third_party\build\speex\output\libspeex-i386-win32-vc14-release-static\gain_table_lbr.obj
c:\users\r.kokh\desktop\microsip-3.22.3-src\nanosip\pjproject\third_party\build\speex\output\libspeex-i386-win32-vc14-release-static\gain_table.obj
c:\users\r.kokh\desktop\microsip-3.22.3-src\nanosip\pjproject\third_party\build\speex\output\libspeex-i386-win32-vc14-release-static\filters.obj
c:\users\r.kokh\desktop\microsip-3.22.3-src\nanosip\pjproject\third_party\build\speex\output\libspeex-i386-win32-vc14-release-static\filterbank.obj
c:\users\r.kokh\desktop\microsip-3.22.3-src\nanosip\pjproject\third_party\build\speex\output\libspeex-i386-win32-vc14-release-static\fftwrap.obj
c:\users\r.kokh\desktop\microsip-3.22.3-src\nanosip\pjproject\third_party\build\speex\output\libspeex-i386-win32-vc14-release-static\exc_8_128_table.obj
c:\users\r.kokh\desktop\microsip-3.22.3-src\nanosip\pjproject\third_party\build\speex\output\libspeex-i386-win32-vc14-release-static\exc_5_64_table.obj
c:\users\r.kokh\desktop\microsip-3.22.3-src\nanosip\pjproject\third_party\build\speex\output\libspeex-i386-win32-vc14-release-static\exc_5_256_table.obj
c:\users\r.kokh\desktop\microsip-3.22.3-src\nanosip\pjproject\third_party\build\speex\output\libspeex-i386-win32-vc14-release-static\exc_20_32_table.obj
c:\users\r.kokh\desktop\microsip-3.22.3-src\nanosip\pjproject\third_party\build\speex\output\libspeex-i386-win32-vc14-release-static\exc_10_32_table.obj
c:\users\r.kokh\desktop\microsip-3.22.3-src\nanosip\pjproject\third_party\build\speex\output\libspeex-i386-win32-vc14-release-static\exc_10_16_table.obj
c:\users\r.kokh\desktop\microsip-3.22.3-src\nanosip\pjproject\third_party\build\speex\output\libspeex-i386-win32-vc14-release-static\cb_search.obj
c:\users\r.kokh\desktop\microsip-3.22.3-src\nanosip\pjproject\third_party\build\speex\output\libspeex-i386-win32-vc14-release-static\bits.obj
c:\users\r.kokh\desktop\microsip-3.22.3-src\nanosip\pjproject\third_party\build\speex\output\libspeex-i386-win32-vc14-release-static\lsp_tables_nb.sbr
c:\users\r.kokh\desktop\microsip-3.22.3-src\nanosip\pjproject\third_party\build\speex\output\libspeex-i386-win32-vc14-release-static\ltp.sbr
c:\users\r.kokh\desktop\microsip-3.22.3-src\nanosip\pjproject\third_party\build\speex\output\libspeex-i386-win32-vc14-release-static\mdf.sbr
c:\users\r.kokh\desktop\microsip-3.22.3-src\nanosip\pjproject\third_party\build\speex\output\libspeex-i386-win32-vc14-release-static\modes.sbr
c:\users\r.kokh\desktop\microsip-3.22.3-src\nanosip\pjproject\third_party\build\speex\output\libspeex-i386-win32-vc14-release-static\modes_wb.sbr
c:\users\r.kokh\desktop\microsip-3.22.3-src\nanosip\pjproject\third_party\build\speex\output\libspeex-i386-win32-vc14-release-static\nb_celp.sbr
c:\users\r.kokh\desktop\microsip-3.22.3-src\nanosip\pjproject\third_party\build\speex\output\libspeex-i386-win32-vc14-release-static\preprocess.sbr
c:\users\r.kokh\desktop\microsip-3.22.3-src\nanosip\pjproject\third_party\build\speex\output\libspeex-i386-win32-vc14-release-static\quant_lsp.sbr
c:\users\r.kokh\desktop\microsip-3.22.3-src\nanosip\pjproject\third_party\build\speex\output\libspeex-i386-win32-vc14-release-static\resample.sbr
c:\users\r.kokh\desktop\microsip-3.22.3-src\nanosip\pjproject\third_party\build\speex\output\libspeex-i386-win32-vc14-release-static\sb_celp.sbr
c:\users\r.kokh\desktop\microsip-3.22.3-src\nanosip\pjproject\third_party\build\speex\output\libspeex-i386-win32-vc14-release-static\smallft.sbr
c:\users\r.kokh\desktop\microsip-3.22.3-src\nanosip\pjproject\third_party\build\speex\output\libspeex-i386-win32-vc14-release-static\speex.sbr
c:\users\r.kokh\desktop\microsip-3.22.3-src\nanosip\pjproject\third_party\build\speex\output\libspeex-i386-win32-vc14-release-static\speex_callbacks.sbr
c:\users\r.kokh\desktop\microsip-3.22.3-src\nanosip\pjproject\third_party\build\speex\output\libspeex-i386-win32-vc14-release-static\speex_header.sbr
c:\users\r.kokh\desktop\microsip-3.22.3-src\nanosip\pjproject\third_party\build\speex\output\libspeex-i386-win32-vc14-release-static\stereo.sbr
c:\users\r.kokh\desktop\microsip-3.22.3-src\nanosip\pjproject\third_party\build\speex\output\libspeex-i386-win32-vc14-release-static\vbr.sbr
c:\users\r.kokh\desktop\microsip-3.22.3-src\nanosip\pjproject\third_party\build\speex\output\libspeex-i386-win32-vc14-release-static\vq.sbr
c:\users\r.kokh\desktop\microsip-3.22.3-src\nanosip\pjproject\third_party\build\speex\output\libspeex-i386-win32-vc14-release-static\window.sbr
c:\users\r.kokh\desktop\microsip-3.22.3-src\nanosip\pjproject\third_party\build\speex\output\libspeex-i386-win32-vc14-release-static\window.obj
c:\users\r.kokh\desktop\microsip-3.22.3-src\nanosip\pjproject\third_party\build\speex\output\libspeex-i386-win32-vc14-release-static\vq.obj
c:\users\r.kokh\desktop\microsip-3.22.3-src\nanosip\pjproject\third_party\build\speex\output\libspeex-i386-win32-vc14-release-static\vbr.obj
c:\users\r.kokh\desktop\microsip-3.22.3-src\nanosip\pjproject\third_party\build\speex\output\libspeex-i386-win32-vc14-release-static\stereo.obj
c:\users\r.kokh\desktop\microsip-3.22.3-src\nanosip\pjproject\third_party\build\speex\output\libspeex-i386-win32-vc14-release-static\speex_header.obj
c:\users\r.kokh\desktop\microsip-3.22.3-src\nanosip\pjproject\third_party\build\speex\output\libspeex-i386-win32-vc14-release-static\speex_callbacks.obj
c:\users\r.kokh\desktop\microsip-3.22.3-src\nanosip\pjproject\third_party\build\speex\output\libspeex-i386-win32-vc14-release-static\speex.obj
c:\users\r.kokh\desktop\microsip-3.22.3-src\nanosip\pjproject\third_party\build\speex\output\libspeex-i386-win32-vc14-release-static\smallft.obj
c:\users\r.kokh\desktop\microsip-3.22.3-src\nanosip\pjproject\third_party\build\speex\output\libspeex-i386-win32-vc14-release-static\sb_celp.obj
c:\users\r.kokh\desktop\microsip-3.22.3-src\nanosip\pjproject\third_party\build\speex\output\libspeex-i386-win32-vc14-release-static\resample.obj
c:\users\r.kokh\desktop\microsip-3.22.3-src\nanosip\pjproject\third_party\build\speex\output\libspeex-i386-win32-vc14-release-static\quant_lsp.obj
c:\users\r.kokh\desktop\microsip-3.22.3-src\nanosip\pjproject\third_party\build\speex\output\libspeex-i386-win32-vc14-release-static\preprocess.obj
c:\users\r.kokh\desktop\microsip-3.22.3-src\nanosip\pjproject\third_party\build\speex\output\libspeex-i386-win32-vc14-release-static\nb_celp.obj
c:\users\r.kokh\desktop\microsip-3.22.3-src\nanosip\pjproject\third_party\build\speex\output\libspeex-i386-win32-vc14-release-static\modes_wb.obj
c:\users\r.kokh\desktop\microsip-3.22.3-src\nanosip\pjproject\third_party\build\speex\output\libspeex-i386-win32-vc14-release-static\modes.obj
c:\users\r.kokh\desktop\microsip-3.22.3-src\nanosip\pjproject\third_party\build\speex\output\libspeex-i386-win32-vc14-release-static\mdf.obj
c:\users\r.kokh\desktop\microsip-3.22.3-src\nanosip\pjproject\third_party\build\speex\output\libspeex-i386-win32-vc14-release-static\ltp.obj
c:\users\r.kokh\desktop\microsip-3.22.3-src\nanosip\pjproject\third_party\build\speex\output\libspeex-i386-win32-vc14-release-static\lsp_tables_nb.obj
c:\users\r.kokh\desktop\microsip-3.22.3-src\nanosip\pjproject\third_party\lib\libspeex-i386-win32-vc14-release-static.lib
c:\users\r.kokh\desktop\microsip-3.22.3-src\nanosip\pjproject\third_party\build\speex\output\libspeex-i386-win32-vc14-release-static\libspeex.tlog\bscmake.command.1.tlog
c:\users\r.kokh\desktop\microsip-3.22.3-src\nanosip\pjproject\third_party\build\speex\output\libspeex-i386-win32-vc14-release-static\libspeex.tlog\bscmake.read.1.tlog
c:\users\r.kokh\desktop\microsip-3.22.3-src\nanosip\pjproject\third_party\build\speex\output\libspeex-i386-win32-vc14-release-static\libspeex.tlog\bscmake.write.1.tlog
c:\users\r.kokh\desktop\microsip-3.22.3-src\nanosip\pjproject\third_party\build\speex\output\libspeex-i386-win32-vc14-release-static\libspeex.tlog\cl.command.1.tlog
c:\users\r.kokh\desktop\microsip-3.22.3-src\nanosip\pjproject\third_party\build\speex\output\libspeex-i386-win32-vc14-release-static\libspeex.tlog\cl.items.tlog
c:\users\r.kokh\desktop\microsip-3.22.3-src\nanosip\pjproject\third_party\build\speex\output\libspeex-i386-win32-vc14-release-static\libspeex.tlog\cl.read.1.tlog
c:\users\r.kokh\desktop\microsip-3.22.3-src\nanosip\pjproject\third_party\build\speex\output\libspeex-i386-win32-vc14-release-static\libspeex.tlog\cl.write.1.tlog
c:\users\r.kokh\desktop\microsip-3.22.3-src\nanosip\pjproject\third_party\build\speex\output\libspeex-i386-win32-vc14-release-static\libspeex.tlog\lib-link.write.1.tlog
c:\users\r.kokh\desktop\microsip-3.22.3-src\nanosip\pjproject\third_party\build\speex\output\libspeex-i386-win32-vc14-release-static\libspeex.tlog\lib.command.1.tlog
c:\users\r.kokh\desktop\microsip-3.22.3-src\nanosip\pjproject\third_party\build\speex\output\libspeex-i386-win32-vc14-release-static\libspeex.tlog\lib.read.1.tlog
