c:\users\r.kokh\desktop\pjlib-util\lib\pjlib-util-i386-win32-vc14-release-static.bsc
c:\users\r.kokh\desktop\microsip-3.22.3-src\nanosip\pjproject\pjlib-util\lib\pjlib-util-i386-win32-vc14-release-static.bsc
c:\users\r.kokh\desktop\microsip-3.22.3-src\nanosip\pjproject\pjlib-util\lib\pjlib-util-i386-win32-vc14-release-static.pdb
c:\users\r.kokh\desktop\microsip-3.22.3-src\nanosip\pjproject\pjlib-util\build\output\pjlib_util-i386-win32-vc14-release-static\base64.sbr
c:\users\r.kokh\desktop\microsip-3.22.3-src\nanosip\pjproject\pjlib-util\build\output\pjlib_util-i386-win32-vc14-release-static\cli.sbr
c:\users\r.kokh\desktop\microsip-3.22.3-src\nanosip\pjproject\pjlib-util\build\output\pjlib_util-i386-win32-vc14-release-static\cli_console.sbr
c:\users\r.kokh\desktop\microsip-3.22.3-src\nanosip\pjproject\pjlib-util\build\output\pjlib_util-i386-win32-vc14-release-static\cli_telnet.sbr
c:\users\r.kokh\desktop\microsip-3.22.3-src\nanosip\pjproject\pjlib-util\build\output\pjlib_util-i386-win32-vc14-release-static\crc32.sbr
c:\users\r.kokh\desktop\microsip-3.22.3-src\nanosip\pjproject\pjlib-util\build\output\pjlib_util-i386-win32-vc14-release-static\dns.sbr
c:\users\r.kokh\desktop\microsip-3.22.3-src\nanosip\pjproject\pjlib-util\build\output\pjlib_util-i386-win32-vc14-release-static\dns_dump.sbr
c:\users\r.kokh\desktop\microsip-3.22.3-src\nanosip\pjproject\pjlib-util\build\output\pjlib_util-i386-win32-vc14-release-static\dns_server.sbr
c:\users\r.kokh\desktop\microsip-3.22.3-src\nanosip\pjproject\pjlib-util\build\output\pjlib_util-i386-win32-vc14-release-static\errno.sbr
c:\users\r.kokh\desktop\microsip-3.22.3-src\nanosip\pjproject\pjlib-util\build\output\pjlib_util-i386-win32-vc14-release-static\getopt.sbr
c:\users\r.kokh\desktop\microsip-3.22.3-src\nanosip\pjproject\pjlib-util\build\output\pjlib_util-i386-win32-vc14-release-static\hmac_md5.sbr
c:\users\r.kokh\desktop\microsip-3.22.3-src\nanosip\pjproject\pjlib-util\build\output\pjlib_util-i386-win32-vc14-release-static\hmac_sha1.sbr
c:\users\r.kokh\desktop\microsip-3.22.3-src\nanosip\pjproject\pjlib-util\build\output\pjlib_util-i386-win32-vc14-release-static\http_client.sbr
c:\users\r.kokh\desktop\microsip-3.22.3-src\nanosip\pjproject\pjlib-util\build\output\pjlib_util-i386-win32-vc14-release-static\json.sbr
c:\users\r.kokh\desktop\microsip-3.22.3-src\nanosip\pjproject\pjlib-util\build\output\pjlib_util-i386-win32-vc14-release-static\md5.sbr
c:\users\r.kokh\desktop\microsip-3.22.3-src\nanosip\pjproject\pjlib-util\build\output\pjlib_util-i386-win32-vc14-release-static\pcap.sbr
c:\users\r.kokh\desktop\microsip-3.22.3-src\nanosip\pjproject\pjlib-util\build\output\pjlib_util-i386-win32-vc14-release-static\resolver.sbr
c:\users\r.kokh\desktop\microsip-3.22.3-src\nanosip\pjproject\pjlib-util\build\output\pjlib_util-i386-win32-vc14-release-static\scanner.sbr
c:\users\r.kokh\desktop\microsip-3.22.3-src\nanosip\pjproject\pjlib-util\build\output\pjlib_util-i386-win32-vc14-release-static\sha1.sbr
c:\users\r.kokh\desktop\microsip-3.22.3-src\nanosip\pjproject\pjlib-util\build\output\pjlib_util-i386-win32-vc14-release-static\srv_resolver.sbr
c:\users\r.kokh\desktop\microsip-3.22.3-src\nanosip\pjproject\pjlib-util\build\output\pjlib_util-i386-win32-vc14-release-static\srv_resolver.obj
c:\users\r.kokh\desktop\microsip-3.22.3-src\nanosip\pjproject\pjlib-util\build\output\pjlib_util-i386-win32-vc14-release-static\sha1.obj
c:\users\r.kokh\desktop\microsip-3.22.3-src\nanosip\pjproject\pjlib-util\build\output\pjlib_util-i386-win32-vc14-release-static\scanner.obj
c:\users\r.kokh\desktop\microsip-3.22.3-src\nanosip\pjproject\pjlib-util\build\output\pjlib_util-i386-win32-vc14-release-static\resolver.obj
c:\users\r.kokh\desktop\microsip-3.22.3-src\nanosip\pjproject\pjlib-util\build\output\pjlib_util-i386-win32-vc14-release-static\pcap.obj
c:\users\r.kokh\desktop\microsip-3.22.3-src\nanosip\pjproject\pjlib-util\build\output\pjlib_util-i386-win32-vc14-release-static\md5.obj
c:\users\r.kokh\desktop\microsip-3.22.3-src\nanosip\pjproject\pjlib-util\build\output\pjlib_util-i386-win32-vc14-release-static\json.obj
c:\users\r.kokh\desktop\microsip-3.22.3-src\nanosip\pjproject\pjlib-util\build\output\pjlib_util-i386-win32-vc14-release-static\http_client.obj
c:\users\r.kokh\desktop\microsip-3.22.3-src\nanosip\pjproject\pjlib-util\build\output\pjlib_util-i386-win32-vc14-release-static\hmac_sha1.obj
c:\users\r.kokh\desktop\microsip-3.22.3-src\nanosip\pjproject\pjlib-util\build\output\pjlib_util-i386-win32-vc14-release-static\hmac_md5.obj
c:\users\r.kokh\desktop\microsip-3.22.3-src\nanosip\pjproject\pjlib-util\build\output\pjlib_util-i386-win32-vc14-release-static\getopt.obj
c:\users\r.kokh\desktop\microsip-3.22.3-src\nanosip\pjproject\pjlib-util\build\output\pjlib_util-i386-win32-vc14-release-static\errno.obj
c:\users\r.kokh\desktop\microsip-3.22.3-src\nanosip\pjproject\pjlib-util\build\output\pjlib_util-i386-win32-vc14-release-static\dns_server.obj
c:\users\r.kokh\desktop\microsip-3.22.3-src\nanosip\pjproject\pjlib-util\build\output\pjlib_util-i386-win32-vc14-release-static\dns_dump.obj
c:\users\r.kokh\desktop\microsip-3.22.3-src\nanosip\pjproject\pjlib-util\build\output\pjlib_util-i386-win32-vc14-release-static\dns.obj
c:\users\r.kokh\desktop\microsip-3.22.3-src\nanosip\pjproject\pjlib-util\build\output\pjlib_util-i386-win32-vc14-release-static\crc32.obj
c:\users\r.kokh\desktop\microsip-3.22.3-src\nanosip\pjproject\pjlib-util\build\output\pjlib_util-i386-win32-vc14-release-static\cli_telnet.obj
c:\users\r.kokh\desktop\microsip-3.22.3-src\nanosip\pjproject\pjlib-util\build\output\pjlib_util-i386-win32-vc14-release-static\cli_console.obj
c:\users\r.kokh\desktop\microsip-3.22.3-src\nanosip\pjproject\pjlib-util\build\output\pjlib_util-i386-win32-vc14-release-static\cli.obj
c:\users\r.kokh\desktop\microsip-3.22.3-src\nanosip\pjproject\pjlib-util\build\output\pjlib_util-i386-win32-vc14-release-static\base64.obj
c:\users\r.kokh\desktop\microsip-3.22.3-src\nanosip\pjproject\pjlib-util\build\output\pjlib_util-i386-win32-vc14-release-static\string.sbr
c:\users\r.kokh\desktop\microsip-3.22.3-src\nanosip\pjproject\pjlib-util\build\output\pjlib_util-i386-win32-vc14-release-static\stun_simple.sbr
c:\users\r.kokh\desktop\microsip-3.22.3-src\nanosip\pjproject\pjlib-util\build\output\pjlib_util-i386-win32-vc14-release-static\stun_simple_client.sbr
c:\users\r.kokh\desktop\microsip-3.22.3-src\nanosip\pjproject\pjlib-util\build\output\pjlib_util-i386-win32-vc14-release-static\symbols.sbr
c:\users\r.kokh\desktop\microsip-3.22.3-src\nanosip\pjproject\pjlib-util\build\output\pjlib_util-i386-win32-vc14-release-static\xml.sbr
c:\users\r.kokh\desktop\microsip-3.22.3-src\nanosip\pjproject\pjlib-util\build\output\pjlib_util-i386-win32-vc14-release-static\xml.obj
c:\users\r.kokh\desktop\microsip-3.22.3-src\nanosip\pjproject\pjlib-util\build\output\pjlib_util-i386-win32-vc14-release-static\symbols.obj
c:\users\r.kokh\desktop\microsip-3.22.3-src\nanosip\pjproject\pjlib-util\build\output\pjlib_util-i386-win32-vc14-release-static\stun_simple_client.obj
c:\users\r.kokh\desktop\microsip-3.22.3-src\nanosip\pjproject\pjlib-util\build\output\pjlib_util-i386-win32-vc14-release-static\stun_simple.obj
c:\users\r.kokh\desktop\microsip-3.22.3-src\nanosip\pjproject\pjlib-util\build\output\pjlib_util-i386-win32-vc14-release-static\string.obj
c:\users\r.kokh\desktop\microsip-3.22.3-src\nanosip\pjproject\pjlib-util\lib\pjlib-util-i386-win32-vc14-release-static.lib
c:\users\r.kokh\desktop\microsip-3.22.3-src\nanosip\pjproject\pjlib-util\build\output\pjlib_util-i386-win32-vc14-release-static\pjlib_util.tlog\bscmake.command.1.tlog
c:\users\r.kokh\desktop\microsip-3.22.3-src\nanosip\pjproject\pjlib-util\build\output\pjlib_util-i386-win32-vc14-release-static\pjlib_util.tlog\bscmake.read.1.tlog
c:\users\r.kokh\desktop\microsip-3.22.3-src\nanosip\pjproject\pjlib-util\build\output\pjlib_util-i386-win32-vc14-release-static\pjlib_util.tlog\bscmake.write.1.tlog
c:\users\r.kokh\desktop\microsip-3.22.3-src\nanosip\pjproject\pjlib-util\build\output\pjlib_util-i386-win32-vc14-release-static\pjlib_util.tlog\cl.command.1.tlog
c:\users\r.kokh\desktop\microsip-3.22.3-src\nanosip\pjproject\pjlib-util\build\output\pjlib_util-i386-win32-vc14-release-static\pjlib_util.tlog\cl.items.tlog
c:\users\r.kokh\desktop\microsip-3.22.3-src\nanosip\pjproject\pjlib-util\build\output\pjlib_util-i386-win32-vc14-release-static\pjlib_util.tlog\cl.read.1.tlog
c:\users\r.kokh\desktop\microsip-3.22.3-src\nanosip\pjproject\pjlib-util\build\output\pjlib_util-i386-win32-vc14-release-static\pjlib_util.tlog\cl.write.1.tlog
c:\users\r.kokh\desktop\microsip-3.22.3-src\nanosip\pjproject\pjlib-util\build\output\pjlib_util-i386-win32-vc14-release-static\pjlib_util.tlog\lib-link.write.1.tlog
c:\users\r.kokh\desktop\microsip-3.22.3-src\nanosip\pjproject\pjlib-util\build\output\pjlib_util-i386-win32-vc14-release-static\pjlib_util.tlog\lib.command.1.tlog
c:\users\r.kokh\desktop\microsip-3.22.3-src\nanosip\pjproject\pjlib-util\build\output\pjlib_util-i386-win32-vc14-release-static\pjlib_util.tlog\lib.read.1.tlog
